Archive member included to satisfy reference by file (symbol)

c:/nxp/mcuxpressoide_10.1.1_606/ide/tools/bin/../lib/gcc/arm-none-eabi/6.3.1/../../../../arm-none-eabi/lib/thumb/v6-m\libcr_semihost_nf.a(_cr__main.o)
                              ./startup/startup_mkl25z4.o (__main)
c:/nxp/mcuxpressoide_10.1.1_606/ide/tools/bin/../lib/gcc/arm-none-eabi/6.3.1/../../../../arm-none-eabi/lib/thumb/v6-m\libcr_semihost_nf.a(_cr_assert.o)
                              ./source/main_P02.o (__assertion_failed)
c:/nxp/mcuxpressoide_10.1.1_606/ide/tools/bin/../lib/gcc/arm-none-eabi/6.3.1/../../../../arm-none-eabi/lib/thumb/v6-m\libcr_semihost_nf.a(__ciob.o)
                              c:/nxp/mcuxpressoide_10.1.1_606/ide/tools/bin/../lib/gcc/arm-none-eabi/6.3.1/../../../../arm-none-eabi/lib/thumb/v6-m\libcr_semihost_nf.a(_cr_assert.o) (__Ciob)
c:/nxp/mcuxpressoide_10.1.1_606/ide/tools/bin/../lib/gcc/arm-none-eabi/6.3.1/../../../../arm-none-eabi/lib/thumb/v6-m\libcr_semihost_nf.a(__sys_appexit.o)
                              c:/nxp/mcuxpressoide_10.1.1_606/ide/tools/bin/../lib/gcc/arm-none-eabi/6.3.1/../../../../arm-none-eabi/lib/thumb/v6-m\libcr_semihost_nf.a(_cr_assert.o) (__sys_appexit)
c:/nxp/mcuxpressoide_10.1.1_606/ide/tools/bin/../lib/gcc/arm-none-eabi/6.3.1/../../../../arm-none-eabi/lib/thumb/v6-m\libcr_c.a(memcpy.o)
                              ./drivers/fsl_flash.o (memcpy)
c:/nxp/mcuxpressoide_10.1.1_606/ide/tools/bin/../lib/gcc/arm-none-eabi/6.3.1/../../../../arm-none-eabi/lib/thumb/v6-m\libcr_c.a(memset.o)
                              ./drivers/fsl_flash.o (memset)
c:/nxp/mcuxpressoide_10.1.1_606/ide/tools/bin/../lib/gcc/arm-none-eabi/6.3.1/../../../../arm-none-eabi/lib/thumb/v6-m\libcr_c.a(_deferredlazyseek.o)
                              c:/nxp/mcuxpressoide_10.1.1_606/ide/tools/bin/../lib/gcc/arm-none-eabi/6.3.1/../../../../arm-none-eabi/lib/thumb/v6-m\libcr_semihost_nf.a(_cr_assert.o) (__flsbuf)
c:/nxp/mcuxpressoide_10.1.1_606/ide/tools/bin/../lib/gcc/arm-none-eabi/6.3.1/../../../../arm-none-eabi/lib/thumb/v6-m\libcr_c.a(_fflush.o)
                              c:/nxp/mcuxpressoide_10.1.1_606/ide/tools/bin/../lib/gcc/arm-none-eabi/6.3.1/../../../../arm-none-eabi/lib/thumb/v6-m\libcr_c.a(_deferredlazyseek.o) (_fflush)
c:/nxp/mcuxpressoide_10.1.1_606/ide/tools/bin/../lib/gcc/arm-none-eabi/6.3.1/../../../../arm-none-eabi/lib/thumb/v6-m\libcr_c.a(_writebuf.o)
                              c:/nxp/mcuxpressoide_10.1.1_606/ide/tools/bin/../lib/gcc/arm-none-eabi/6.3.1/../../../../arm-none-eabi/lib/thumb/v6-m\libcr_c.a(_deferredlazyseek.o) (_Cwritebuf)
c:/nxp/mcuxpressoide_10.1.1_606/ide/tools/bin/../lib/gcc/arm-none-eabi/6.3.1/../../../../arm-none-eabi/lib/thumb/v6-m\libcr_c.a(alloc.o)
                              c:/nxp/mcuxpressoide_10.1.1_606/ide/tools/bin/../lib/gcc/arm-none-eabi/6.3.1/../../../../arm-none-eabi/lib/thumb/v6-m\libcr_c.a(_deferredlazyseek.o) (_Csys_alloc)
c:/nxp/mcuxpressoide_10.1.1_606/ide/tools/bin/../lib/gcc/arm-none-eabi/6.3.1/../../../../arm-none-eabi/lib/thumb/v6-m\libcr_c.a(fputs.o)
                              c:/nxp/mcuxpressoide_10.1.1_606/ide/tools/bin/../lib/gcc/arm-none-eabi/6.3.1/../../../../arm-none-eabi/lib/thumb/v6-m\libcr_semihost_nf.a(_cr_assert.o) (fputs)
c:/nxp/mcuxpressoide_10.1.1_606/ide/tools/bin/../lib/gcc/arm-none-eabi/6.3.1/../../../../arm-none-eabi/lib/thumb/v6-m\libcr_c.a(fseek.o)
                              c:/nxp/mcuxpressoide_10.1.1_606/ide/tools/bin/../lib/gcc/arm-none-eabi/6.3.1/../../../../arm-none-eabi/lib/thumb/v6-m\libcr_c.a(_deferredlazyseek.o) (fseek)
c:/nxp/mcuxpressoide_10.1.1_606/ide/tools/bin/../lib/gcc/arm-none-eabi/6.3.1/../../../../arm-none-eabi/lib/thumb/v6-m\libcr_c.a(ftell.o)
                              c:/nxp/mcuxpressoide_10.1.1_606/ide/tools/bin/../lib/gcc/arm-none-eabi/6.3.1/../../../../arm-none-eabi/lib/thumb/v6-m\libcr_c.a(fseek.o) (ftell)
c:/nxp/mcuxpressoide_10.1.1_606/ide/tools/bin/../lib/gcc/arm-none-eabi/6.3.1/../../../../arm-none-eabi/lib/thumb/v6-m\libcr_c.a(initio.o)
                              c:/nxp/mcuxpressoide_10.1.1_606/ide/tools/bin/../lib/gcc/arm-none-eabi/6.3.1/../../../../arm-none-eabi/lib/thumb/v6-m\libcr_semihost_nf.a(_cr__main.o) (_initio)
c:/nxp/mcuxpressoide_10.1.1_606/ide/tools/bin/../lib/gcc/arm-none-eabi/6.3.1/../../../../arm-none-eabi/lib/thumb/v6-m\libcr_c.a(setvbuf.o)
                              c:/nxp/mcuxpressoide_10.1.1_606/ide/tools/bin/../lib/gcc/arm-none-eabi/6.3.1/../../../../arm-none-eabi/lib/thumb/v6-m\libcr_c.a(initio.o) (setvbuf)
c:/nxp/mcuxpressoide_10.1.1_606/ide/tools/bin/../lib/gcc/arm-none-eabi/6.3.1/../../../../arm-none-eabi/lib/thumb/v6-m\libcr_c.a(__init_alloc.o)
                              c:/nxp/mcuxpressoide_10.1.1_606/ide/tools/bin/../lib/gcc/arm-none-eabi/6.3.1/../../../../arm-none-eabi/lib/thumb/v6-m\libcr_c.a(alloc.o) (__heaps)
[...]
Memory Configuration

Name             Origin             Length             Attributes
PROGRAM_FLASH    0x00000000         0x00020000         xr
SRAM             0x1ffff000         0x00004000         xrw
*default*        0x00000000         0xffffffff

Linker script and memory map

LOAD ./utilities/fsl_debug_console.o
LOAD ./startup/startup_mkl25z4.o
LOAD ./source/main_P02.o
LOAD ./source/mtb.o
LOAD ./source/semihost_hardfault.o
LOAD ./drivers/fsl_adc16.o
LOAD ./drivers/fsl_clock.o
LOAD ./drivers/fsl_common.o
LOAD ./drivers/fsl_flash.o
LOAD ./drivers/fsl_gpio.o
LOAD ./drivers/fsl_lpsci.o
LOAD ./drivers/fsl_smc.o
LOAD ./drivers/fsl_tpm.o
LOAD ./drivers/fsl_uart.o
LOAD ./board/board.o
LOAD ./board/clock_config.o
LOAD ./board/pin_mux.o
LOAD ./CMSIS/system_MKL25Z4.o
START GROUP
LOAD c:/nxp/mcuxpressoide_10.1.1_606/ide/tools/bin/../lib/gcc/arm-none-eabi/6.3.1/../../../../arm-none-eabi/lib/thumb/v6-m\libcr_semihost_nf.a
LOAD c:/nxp/mcuxpressoide_10.1.1_606/ide/tools/bin/../lib/gcc/arm-none-eabi/6.3.1/../../../../arm-none-eabi/lib/thumb/v6-m\libcr_c.a
LOAD c:/nxp/mcuxpressoide_10.1.1_606/ide/tools/bin/../lib/gcc/arm-none-eabi/6.3.1/thumb/v6-m\libcr_eabihelpers.a
END GROUP
                0x00000000                __base_PROGRAM_FLASH = 0x0
                0x00000000                __base_Flash = 0x0
                0x00020000                __top_PROGRAM_FLASH = 0x20000
                0x00020000                __top_Flash = 0x20000
                0x1ffff000                __base_SRAM = 0x1ffff000
                0x1ffff000                __base_RAM = 0x1ffff000
                0x20003000                __top_SRAM = 0x20003000
                0x20003000                __top_RAM = 0x20003000

.text           0x00000000     0x4640
 FILL mask 0xff
                0x00000000                __vectors_start__ = ABSOLUTE (.)
 *(.isr_vector)
 .isr_vector    0x00000000       0xc0 ./startup/startup_mkl25z4.o
                0x00000000                g_pfnVectors
                0x00000000                __Vectors
                0x000000c0                . = ALIGN (0x4)
                0x000000c0                __section_table_start = .
                0x000000c0                __data_section_table = .
                0x000000c0        0x4 LONG 0x4640 LOADADDR (.data)
                0x000000c4        0x4 LONG 0x1ffff080 ADDR (.data)
                0x000000c8        0x4 LONG 0x18 SIZEOF (.data)
                0x000000cc                __data_section_table_end = .
                0x000000cc                __bss_section_table = .
                0x000000cc        0x4 LONG 0x1ffff098 ADDR (.bss)
                0x000000d0        0x4 LONG 0x124 SIZEOF (.bss)
                0x000000d4                __bss_section_table_end = .
                0x000000d4                __section_table_end = .
 *(.after_vectors*)
 .after_vectors.init_data
                0x000000d4       0x16 ./startup/startup_mkl25z4.o
                0x000000d4                data_init
 .after_vectors.init_bss
                0x000000ea       0x12 ./startup/startup_mkl25z4.o
                0x000000ea                bss_init
 .after_vectors.reset
                0x000000fc       0x4c ./startup/startup_mkl25z4.o
                0x000000fc                ResetISR
 .after_vectors
                0x00000148      0x10c ./startup/startup_mkl25z4.o
                0x00000148                NMI_Handler
                0x0000014c                SVC_Handler
                0x0000014e                PendSV_Handler
                0x00000150                SysTick_Handler
                0x00000152                LPTMR0_DriverIRQHandler
                0x00000152                Reserved39_DriverIRQHandler
                0x00000152                DMA0_DriverIRQHandler
                0x00000152                SPI1_DriverIRQHandler
                0x00000152                I2C0_DriverIRQHandler
                0x00000152                PORTD_DriverIRQHandler
                0x00000152                DMA2_DriverIRQHandler
                0x00000152                CMP0_DriverIRQHandler
                0x00000152                TPM2_DriverIRQHandler
                0x00000152                ADC0_DriverIRQHandler
                0x00000152                SPI0_DriverIRQHandler
                0x00000152                TSI0_DriverIRQHandler
                0x00000152                RTC_Seconds_DriverIRQHandler
                0x00000152                I2C1_DriverIRQHandler
                0x00000152                DMA1_DriverIRQHandler
                0x00000152                LLWU_DriverIRQHandler
                0x00000152                MCG_DriverIRQHandler
                0x00000152                PIT_DriverIRQHandler
                0x00000152                RTC_DriverIRQHandler
                0x00000152                FTFA_DriverIRQHandler
                0x00000152                IntDefaultHandler
                0x00000152                USB0_DriverIRQHandler
                0x00000152                DAC0_DriverIRQHandler
                0x00000152                TPM1_DriverIRQHandler
                0x00000152                LVD_LVW_DriverIRQHandler
                0x00000152                TPM0_DriverIRQHandler
                0x00000152                PORTA_DriverIRQHandler
                0x00000152                Reserved20_DriverIRQHandler
                0x00000152                DMA3_DriverIRQHandler
                0x00000152                Reserved45_DriverIRQHandler
                0x00000154                DMA0_IRQHandler
                0x0000015c                DMA1_IRQHandler
                0x00000164                DMA2_IRQHandler
                0x0000016c                DMA3_IRQHandler
                0x00000174                Reserved20_IRQHandler
                0x0000017c                FTFA_IRQHandler
                0x00000184                LVD_LVW_IRQHandler
                0x0000018c                LLWU_IRQHandler
                0x00000194                I2C0_IRQHandler
                0x0000019c                I2C1_IRQHandler
                0x000001a4                SPI0_IRQHandler
                0x000001ac                SPI1_IRQHandler
                0x000001b4                UART0_IRQHandler
                0x000001bc                UART1_IRQHandler
                0x000001c4                UART2_IRQHandler
                0x000001d4                CMP0_IRQHandler
                0x000001dc                TPM0_IRQHandler
                0x000001e4                TPM1_IRQHandler
                0x000001f4                RTC_IRQHandler
                0x000001fc                RTC_Seconds_IRQHandler
                0x00000204                PIT_IRQHandler
                0x0000020c                Reserved39_IRQHandler
                0x00000214                USB0_IRQHandler
                0x0000021c                DAC0_IRQHandler
                0x00000224                TSI0_IRQHandler
                0x0000022c                MCG_IRQHandler
                0x00000234                LPTMR0_IRQHandler
                0x0000023c                Reserved45_IRQHandler
                0x00000244                PORTA_IRQHandler
                0x0000024c                PORTD_IRQHandler
                0x00000400                . = 0x400
 *fill*         0x00000254      0x1ac ff
                0x00000400                PROVIDE (__FLASH_CONFIG_START__, .)
 *(.FlashConfig)
 .FlashConfig   0x00000400       0x10 ./startup/startup_mkl25z4.o
                0x00000400                Flash_Config
                0x00000410                PROVIDE (__FLASH_CONFIG_END__, .)
                0x00000001                ASSERT (! ((__FLASH_CONFIG_START__ == __FLASH_CONFIG_END__)), Linker Flash Config Support Enabled, but no .FlashConfig section provided within application)
 *(.text*)
 .text.UART_EnableTx
                0x00000410       0x40 ./utilities/fsl_debug_console.o
 .text.UART_EnableRx
                0x00000450       0x40 ./utilities/fsl_debug_console.o
 .text.LPSCI_EnableTx
                0x00000490       0x40 ./utilities/fsl_debug_console.o
 .text.LPSCI_EnableRx
                0x000004d0       0x40 ./utilities/fsl_debug_console.o
 .text.DbgConsole_Init
                0x00000510       0xf4 ./utilities/fsl_debug_console.o
                0x00000510                DbgConsole_Init
 .text.NVIC_EnableIRQ
                0x00000604       0x2c ./source/main_P02.o
 .text.CLOCK_SetTpmClock
                0x00000630       0x38 ./source/main_P02.o
 .text.EnableIRQ
                0x00000668       0x2c ./source/main_P02.o
 .text.TPM_ClearStatusFlags
                0x00000694       0x18 ./source/main_P02.o
 .text.TPM_SetTimerPeriod
                0x000006ac       0x18 ./source/main_P02.o
 .text.TPM_StartTimer
                0x000006c4       0x3a ./source/main_P02.o
 .text.ADC16_EnableHardwareTrigger
                0x000006fe       0x3a ./source/main_P02.o
 .text.ADC16_GetChannelConversionValue
                0x00000738       0x30 ./source/main_P02.o
 .text.main     0x00000768       0x8c ./source/main_P02.o
                0x00000768                main
 .text.MAIN_P01_delay
                0x000007f4       0x38 ./source/main_P02.o
                0x000007f4                MAIN_P01_delay
 .text.MAIN_P01_Set_GPIO
                0x0000082c       0x46 ./source/main_P02.o
                0x0000082c                MAIN_P01_Set_GPIO
 *fill*         0x00000872        0x2 ff
 .text.MAIN_P01_MultiplexarYEscribir
                0x00000874      0x12c ./source/main_P02.o
                0x00000874                MAIN_P01_MultiplexarYEscribir
 .text.MAIN_P01_CheckForGPIOx
                0x000009a0       0x1c ./source/main_P02.o
                0x000009a0                MAIN_P01_CheckForGPIOx
 .text.MAIN_P02_timerConfiguration
                0x000009bc       0x94 ./source/main_P02.o
                0x000009bc                MAIN_P02_timerConfiguration
 .text.TPM2_IRQHandler
                0x00000a50       0x28 ./source/main_P02.o
                0x00000a50                TPM2_IRQHandler
 .text.MAIN_P02_MODO01
                0x00000a78       0x5c ./source/main_P02.o
                0x00000a78                MAIN_P02_MODO01
 .text.MAIN_P02_MODO02
                0x00000ad4       0x5c ./source/main_P02.o
                0x00000ad4                MAIN_P02_MODO02
 .text.MAIN_P02_MODO03
                0x00000b30       0x18 ./source/main_P02.o
                0x00000b30                MAIN_P02_MODO03
 .text.MAIN_P02_MODECHANGER
                0x00000b48      0x130 ./source/main_P02.o
                0x00000b48                MAIN_P02_MODECHANGER
 .text.MAIN_P02_incrementHandler
                0x00000c78       0x84 ./source/main_P02.o
 .text.MAIN_P02_decrementHandler
                0x00000cfc       0x8c ./source/main_P02.o
 .text.ADC0_IRQHandler
                0x00000d88       0x2c ./source/main_P02.o
                0x00000d88                ADC0_IRQHandler
 .text.MAIN_P02_ADCConfiguration
                0x00000db4       0x4c ./source/main_P02.o
                0x00000db4                MAIN_P02_ADCConfiguration
 .text.MAIN_P02_SetADContoDisplay
                0x00000e00      0x118 ./source/main_P02.o
                0x00000e00                MAIN_P02_SetADContoDisplay
 .text.MAIN_P02_incrementPressed
                0x00000f18       0x20 ./source/main_P02.o
                0x00000f18                MAIN_P02_incrementPressed
 .text.MAIN_P02_decrementPressed
                0x00000f38       0x20 ./source/main_P02.o
                0x00000f38                MAIN_P02_decrementPressed
 .text.MAIN_P02_resetPressed
                0x00000f58       0x20 ./source/main_P02.o
                0x00000f58                MAIN_P02_resetPressed
 .text.HardFault_Handler
                0x00000f78       0x2c ./source/semihost_hardfault.o
                0x00000f78                HardFault_Handler
 .text.CLOCK_EnableClock
                0x00000fa4       0x38 ./drivers/fsl_adc16.o
 .text.ADC16_GetInstance
                0x00000fdc       0x48 ./drivers/fsl_adc16.o
 .text.ADC16_Init
                0x00001024      0x114 ./drivers/fsl_adc16.o
                0x00001024                ADC16_Init
 .text.ADC16_GetDefaultConfig
                0x00001138       0x58 ./drivers/fsl_adc16.o
                0x00001138                ADC16_GetDefaultConfig
 .text.ADC16_SetChannelConfig
                0x00001190       0x6c ./drivers/fsl_adc16.o
                0x00001190                ADC16_SetChannelConfig
 .text.CLOCK_SetEr32kClock
                0x000011fc       0x30 ./drivers/fsl_clock.o
 .text.CLOCK_SetPllFllSelClock
                0x0000122c       0x38 ./drivers/fsl_clock.o
 .text.OSC_SetExtRefClkConfig
                0x00001264       0x48 ./drivers/fsl_clock.o
 .text.OSC_SetCapLoad
                0x000012ac       0x4c ./drivers/fsl_clock.o
 .text.CLOCK_GetMcgExtClkFreq
                0x000012f8       0x28 ./drivers/fsl_clock.o
 .text.CLOCK_GetFllExtRefClkFreq
                0x00001320       0xa4 ./drivers/fsl_clock.o
 .text.CLOCK_GetInternalRefClkSelectFreq
                0x000013c4       0x40 ./drivers/fsl_clock.o
 .text.CLOCK_GetFllRefClkFreq
                0x00001404       0x2c ./drivers/fsl_clock.o
 .text.CLOCK_GetPll0RefFreq
                0x00001430       0x10 ./drivers/fsl_clock.o
 .text.CLOCK_GetOscRangeFromFreq
                0x00001440       0x4c ./drivers/fsl_clock.o
 .text.CLOCK_GetOsc0ErClkFreq
                0x0000148c       0x3c ./drivers/fsl_clock.o
                0x0000148c                CLOCK_GetOsc0ErClkFreq
 .text.CLOCK_GetEr32kClkFreq
                0x000014c8       0x74 ./drivers/fsl_clock.o
                0x000014c8                CLOCK_GetEr32kClkFreq
 .text.CLOCK_GetPllFllSelClkFreq
                0x0000153c       0x4c ./drivers/fsl_clock.o
                0x0000153c                CLOCK_GetPllFllSelClkFreq
 .text.CLOCK_GetFreq
                0x00001588       0xe0 ./drivers/fsl_clock.o
                0x00001588                CLOCK_GetFreq
 .text.CLOCK_SetSimConfig
                0x00001668       0x38 ./drivers/fsl_clock.o
                0x00001668                CLOCK_SetSimConfig
 .text.CLOCK_GetOutClkFreq
                0x000016a0       0x60 ./drivers/fsl_clock.o
                0x000016a0                CLOCK_GetOutClkFreq
 .text.CLOCK_GetFllFreq
                0x00001700       0x84 ./drivers/fsl_clock.o
                0x00001700                CLOCK_GetFllFreq
 .text.CLOCK_GetInternalRefClkFreq
                0x00001784       0x28 ./drivers/fsl_clock.o
                0x00001784                CLOCK_GetInternalRefClkFreq
 .text.CLOCK_GetFixedFreqClkFreq
                0x000017ac       0x30 ./drivers/fsl_clock.o
                0x000017ac                CLOCK_GetFixedFreqClkFreq
 .text.CLOCK_GetPll0Freq
                0x000017dc       0x70 ./drivers/fsl_clock.o
                0x000017dc                CLOCK_GetPll0Freq
 .text.CLOCK_SetExternalRefClkConfig
                0x0000184c       0x16 ./drivers/fsl_clock.o
                0x0000184c                CLOCK_SetExternalRefClkConfig
 *fill*         0x00001862        0x2 ff
 .text.CLOCK_SetInternalRefClkConfig
                0x00001864      0x128 ./drivers/fsl_clock.o
                0x00001864                CLOCK_SetInternalRefClkConfig
 .text.CLOCK_EnablePll0
                0x0000198c       0x98 ./drivers/fsl_clock.o
                0x0000198c                CLOCK_EnablePll0
 .text.CLOCK_InitOsc0
                0x00001a24       0x98 ./drivers/fsl_clock.o
                0x00001a24                CLOCK_InitOsc0
 .text.CLOCK_SetPbeMode
                0x00001abc       0xb0 ./drivers/fsl_clock.o
                0x00001abc                CLOCK_SetPbeMode
 .text.CLOCK_BootToPeeMode
                0x00001b6c       0x70 ./drivers/fsl_clock.o
                0x00001b6c                CLOCK_BootToPeeMode
 .text.CLOCK_EnableClock
                0x00001bdc       0x38 ./drivers/fsl_lpsci.o
 .text.LPSCI_GetInstance
                0x00001c14       0x48 ./drivers/fsl_lpsci.o
                0x00001c14                LPSCI_GetInstance
 .text.LPSCI_Init
                0x00001c5c      0x270 ./drivers/fsl_lpsci.o
                0x00001c5c                LPSCI_Init
 .text.LPSCI_GetDefaultConfig
                0x00001ecc       0x44 ./drivers/fsl_lpsci.o
                0x00001ecc                LPSCI_GetDefaultConfig
 .text.LPSCI_GetStatusFlags
                0x00001f10       0x26 ./drivers/fsl_lpsci.o
                0x00001f10                LPSCI_GetStatusFlags
 *fill*         0x00001f36        0x2 ff
 .text.LPSCI_ClearStatusFlags
                0x00001f38       0x98 ./drivers/fsl_lpsci.o
                0x00001f38                LPSCI_ClearStatusFlags
 .text.LPSCI_WriteBlocking
                0x00001fd0       0x4c ./drivers/fsl_lpsci.o
                0x00001fd0                LPSCI_WriteBlocking
 .text.LPSCI_ReadBlocking
                0x0000201c       0xc0 ./drivers/fsl_lpsci.o
                0x0000201c                LPSCI_ReadBlocking
 .text.UART0_DriverIRQHandler
                0x000020dc       0x24 ./drivers/fsl_lpsci.o
                0x000020dc                UART0_DriverIRQHandler
 .text.CLOCK_EnableClock
                0x00002100       0x38 ./drivers/fsl_tpm.o
 .text.TPM_GetInstance
                0x00002138       0x54 ./drivers/fsl_tpm.o
 .text.TPM_Init
                0x0000218c       0xd0 ./drivers/fsl_tpm.o
                0x0000218c                TPM_Init
 .text.TPM_GetDefaultConfig
                0x0000225c       0x54 ./drivers/fsl_tpm.o
                0x0000225c                TPM_GetDefaultConfig
 .text.TPM_EnableInterrupts
                0x000022b0       0x84 ./drivers/fsl_tpm.o
                0x000022b0                TPM_EnableInterrupts
 .text.CLOCK_EnableClock
                0x00002334       0x38 ./drivers/fsl_uart.o
 .text.UART_GetInstance
                0x0000236c       0x54 ./drivers/fsl_uart.o
                0x0000236c                UART_GetInstance
 .text.UART_Init
                0x000023c0      0x1fc ./drivers/fsl_uart.o
                0x000023c0                UART_Init
 .text.UART_GetDefaultConfig
                0x000025bc       0x44 ./drivers/fsl_uart.o
                0x000025bc                UART_GetDefaultConfig
 .text.UART_GetStatusFlags
                0x00002600       0x26 ./drivers/fsl_uart.o
                0x00002600                UART_GetStatusFlags
 .text.UART_WriteBlocking
                0x00002626       0x3a ./drivers/fsl_uart.o
                0x00002626                UART_WriteBlocking
 .text.UART_ReadBlocking
                0x00002660       0x98 ./drivers/fsl_uart.o
                0x00002660                UART_ReadBlocking
 .text.UART1_DriverIRQHandler
                0x000026f8       0x24 ./drivers/fsl_uart.o
                0x000026f8                UART1_DriverIRQHandler
 .text.UART2_DriverIRQHandler
                0x0000271c       0x24 ./drivers/fsl_uart.o
                0x0000271c                UART2_DriverIRQHandler
 .text.CLOCK_SetLpsci0Clock
                0x00002740       0x38 ./board/board.o
 .text.BOARD_InitDebugConsole
                0x00002778       0x30 ./board/board.o
                0x00002778                BOARD_InitDebugConsole
 .text.CLOCK_SetSimSafeDivs
                0x000027a8       0x20 ./board/clock_config.o
 .text.CLOCK_SetXtal0Freq
                0x000027c8       0x1c ./board/clock_config.o
 .text.CLOCK_CONFIG_SetFllExtRefDiv
                0x000027e4       0x3c ./board/clock_config.o
 .text.BOARD_BootClockRUN
                0x00002820       0x64 ./board/clock_config.o
                0x00002820                BOARD_BootClockRUN
 .text.CLOCK_EnableClock
                0x00002884       0x38 ./board/pin_mux.o
 .text.PORT_SetPinMux
                0x000028bc       0x40 ./board/pin_mux.o
 .text.BOARD_InitPins
                0x000028fc      0x13c ./board/pin_mux.o
                0x000028fc                BOARD_InitPins
 .text.SystemInit
                0x00002a38       0x18 ./CMSIS/system_MKL25Z4.o
                0x00002a38                SystemInit
 .text.__main   0x00002a50        0xc c:/nxp/mcuxpressoide_10.1.1_606/ide/tools/bin/../lib/gcc/arm-none-eabi/6.3.1/../../../../arm-none-eabi/lib/thumb/v6-m\libcr_semihost_nf.a(_cr__main.o)
                0x00002a50                __CR_SEMIHOST
                0x00002a50                __main
 .text.__assertion_failed
                0x00002a5c       0x4c c:/nxp/mcuxpressoide_10.1.1_606/ide/tools/bin/../lib/gcc/arm-none-eabi/6.3.1/../../../../arm-none-eabi/lib/thumb/v6-m\libcr_semihost_nf.a(_cr_assert.o)
                0x00002a5c                __assertion_failed
 .text.__sys_appexit
                0x00002aa8        0xc c:/nxp/mcuxpressoide_10.1.1_606/ide/tools/bin/../lib/gcc/arm-none-eabi/6.3.1/../../../../arm-none-eabi/lib/thumb/v6-m\libcr_semihost_nf.a(__sys_appexit.o)
                0x00002aa8                __sys_appexit
                0x00002aa8                __exit
 .text.memset   0x00002ab4        0x8 c:/nxp/mcuxpressoide_10.1.1_606/ide/tools/bin/../lib/gcc/arm-none-eabi/6.3.1/../../../../arm-none-eabi/lib/thumb/v6-m\libcr_c.a(memset.o)
                0x00002ab4                memset
 .text._deferredlazyseek
                0x00002abc       0x40 c:/nxp/mcuxpressoide_10.1.1_606/ide/tools/bin/../lib/gcc/arm-none-eabi/6.3.1/../../../../arm-none-eabi/lib/thumb/v6-m\libcr_c.a(_deferredlazyseek.o)
                0x00002abc                _deferredlazyseek
 .text.__flsbuf
                0x00002afc      0x150 c:/nxp/mcuxpressoide_10.1.1_606/ide/tools/bin/../lib/gcc/arm-none-eabi/6.3.1/../../../../arm-none-eabi/lib/thumb/v6-m\libcr_c.a(_deferredlazyseek.o)
                0x00002afc                __flsbuf
 .text._fflush  0x00002c4c       0x5c c:/nxp/mcuxpressoide_10.1.1_606/ide/tools/bin/../lib/gcc/arm-none-eabi/6.3.1/../../../../arm-none-eabi/lib/thumb/v6-m\libcr_c.a(_fflush.o)
                0x00002c4c                _fflush
 .text._Cwritebuf
                0x00002ca8       0x68 c:/nxp/mcuxpressoide_10.1.1_606/ide/tools/bin/../lib/gcc/arm-none-eabi/6.3.1/../../../../arm-none-eabi/lib/thumb/v6-m\libcr_c.a(_writebuf.o)
                0x00002ca8                _Cwritebuf
 .text.malloc   0x00002d10       0xcc c:/nxp/mcuxpressoide_10.1.1_606/ide/tools/bin/../lib/gcc/arm-none-eabi/6.3.1/../../../../arm-none-eabi/lib/thumb/v6-m\libcr_c.a(alloc.o)
                0x00002d10                malloc
 .text.free     0x00002ddc       0x2c c:/nxp/mcuxpressoide_10.1.1_606/ide/tools/bin/../lib/gcc/arm-none-eabi/6.3.1/../../../../arm-none-eabi/lib/thumb/v6-m\libcr_c.a(alloc.o)
                0x00002ddc                free
 .text._Csys_alloc
                0x00002e08       0x20 c:/nxp/mcuxpressoide_10.1.1_606/ide/tools/bin/../lib/gcc/arm-none-eabi/6.3.1/../../../../arm-none-eabi/lib/thumb/v6-m\libcr_c.a(alloc.o)
                0x00002e08                _Csys_alloc
 .text.fputs    0x00002e28       0x2e c:/nxp/mcuxpressoide_10.1.1_606/ide/tools/bin/../lib/gcc/arm-none-eabi/6.3.1/../../../../arm-none-eabi/lib/thumb/v6-m\libcr_c.a(fputs.o)
                0x00002e28                fputs
 *fill*         0x00002e56        0x2 ff
 .text.fseek    0x00002e58       0xf0 c:/nxp/mcuxpressoide_10.1.1_606/ide/tools/bin/../lib/gcc/arm-none-eabi/6.3.1/../../../../arm-none-eabi/lib/thumb/v6-m\libcr_c.a(fseek.o)
                0x00002e58                fseek
 .text.ftell    0x00002f48       0x48 c:/nxp/mcuxpressoide_10.1.1_606/ide/tools/bin/../lib/gcc/arm-none-eabi/6.3.1/../../../../arm-none-eabi/lib/thumb/v6-m\libcr_c.a(ftell.o)
                0x00002f48                ftell
 .text._initio  0x00002f90       0x7c c:/nxp/mcuxpressoide_10.1.1_606/ide/tools/bin/../lib/gcc/arm-none-eabi/6.3.1/../../../../arm-none-eabi/lib/thumb/v6-m\libcr_c.a(initio.o)
                0x00002f90                _initio
 .text.setvbuf  0x0000300c       0x48 c:/nxp/mcuxpressoide_10.1.1_606/ide/tools/bin/../lib/gcc/arm-none-eabi/6.3.1/../../../../arm-none-eabi/lib/thumb/v6-m\libcr_c.a(setvbuf.o)
                0x0000300c                setvbuf
 .text._sbrk    0x00003054       0x40 c:/nxp/mcuxpressoide_10.1.1_606/ide/tools/bin/../lib/gcc/arm-none-eabi/6.3.1/../../../../arm-none-eabi/lib/thumb/v6-m\libcr_c.a(_cr_sbrk.o)
                0x00003054                _sbrk
 .text._fdopen  0x00003094       0x74 c:/nxp/mcuxpressoide_10.1.1_606/ide/tools/bin/../lib/gcc/arm-none-eabi/6.3.1/../../../../arm-none-eabi/lib/thumb/v6-m\libcr_c.a(_fdopen.o)
                0x00003094                _fdopen
 .text.fclose   0x00003108       0x5c c:/nxp/mcuxpressoide_10.1.1_606/ide/tools/bin/../lib/gcc/arm-none-eabi/6.3.1/../../../../arm-none-eabi/lib/thumb/v6-m\libcr_c.a(fclose.o)
                0x00003108                fclose
 .text.fflush   0x00003164       0x44 c:/nxp/mcuxpressoide_10.1.1_606/ide/tools/bin/../lib/gcc/arm-none-eabi/6.3.1/../../../../arm-none-eabi/lib/thumb/v6-m\libcr_c.a(fflush.o)
                0x00003164                fflush
 .text.remove   0x000031a8       0x12 c:/nxp/mcuxpressoide_10.1.1_606/ide/tools/bin/../lib/gcc/arm-none-eabi/6.3.1/../../../../arm-none-eabi/lib/thumb/v6-m\libcr_c.a(remove.o)
                0x000031a8                remove
 *fill*         0x000031ba        0x2 ff
 .text.strlen   0x000031bc       0x58 c:/nxp/mcuxpressoide_10.1.1_606/ide/tools/bin/../lib/gcc/arm-none-eabi/6.3.1/../../../../arm-none-eabi/lib/thumb/v6-m\libcr_c.a(strlen.o)
                0x000031bc                strlen
 .text.__check_heap_overflow
                0x00003214       0x18 c:/nxp/mcuxpressoide_10.1.1_606/ide/tools/bin/../lib/gcc/arm-none-eabi/6.3.1/../../../../arm-none-eabi/lib/thumb/v6-m\libcr_c.a(_cr_check_heap.o)
                0x00003214                __check_heap_overflow
 .text._do_fflush
                0x0000322c       0x44 c:/nxp/mcuxpressoide_10.1.1_606/ide/tools/bin/../lib/gcc/arm-none-eabi/6.3.1/../../../../arm-none-eabi/lib/thumb/v6-m\libcr_c.a(_do_fflush.o)
                0x0000322c                _do_fflush
 .text.__aeabi_division_idivmod
                0x00003270       0x78 c:/nxp/mcuxpressoide_10.1.1_606/ide/tools/bin/../lib/gcc/arm-none-eabi/6.3.1/thumb/v6-m\libcr_eabihelpers.a(division_32.o)
                0x00003270                __aeabi_idivmod
                0x00003270                __aeabi_idiv
                0x00003276                __aeabi_uidivmod
                0x00003276                __aeabi_uidiv
 .text.__aeabi_division_uldivmod
                0x000032e8       0x5a c:/nxp/mcuxpressoide_10.1.1_606/ide/tools/bin/../lib/gcc/arm-none-eabi/6.3.1/thumb/v6-m\libcr_eabihelpers.a(division_64.o)
                0x000032e8                __aeabi_uldivmod
 .text.__aeabi_division_idiv0
                0x00003342        0x2 c:/nxp/mcuxpressoide_10.1.1_606/ide/tools/bin/../lib/gcc/arm-none-eabi/6.3.1/thumb/v6-m\libcr_eabihelpers.a(division_idiv0.o)
                0x00003342                __aeabi_idiv0
 .text.__aeabi_fmul
                0x00003344       0xc4 c:/nxp/mcuxpressoide_10.1.1_606/ide/tools/bin/../lib/gcc/arm-none-eabi/6.3.1/thumb/v6-m\libcr_eabihelpers.a(float.o)
                0x00003344                __aeabi_fmul
 .text.__aeabi_fsub
                0x00003408      0x12c c:/nxp/mcuxpressoide_10.1.1_606/ide/tools/bin/../lib/gcc/arm-none-eabi/6.3.1/thumb/v6-m\libcr_eabihelpers.a(float.o)
                0x00003408                __aeabi_fsub
 .text.__aeabi_fadd
                0x00003534       0xb4 c:/nxp/mcuxpressoide_10.1.1_606/ide/tools/bin/../lib/gcc/arm-none-eabi/6.3.1/thumb/v6-m\libcr_eabihelpers.a(float.o)
                0x00003534                __aeabi_fadd
 .text.__aeabi_f2uiz
                0x000035e8       0x2a c:/nxp/mcuxpressoide_10.1.1_606/ide/tools/bin/../lib/gcc/arm-none-eabi/6.3.1/thumb/v6-m\libcr_eabihelpers.a(float.o)
                0x000035e8                __aeabi_f2uiz
 .text.__bhs_ui2f
                0x00003612       0x62 c:/nxp/mcuxpressoide_10.1.1_606/ide/tools/bin/../lib/gcc/arm-none-eabi/6.3.1/thumb/v6-m\libcr_eabihelpers.a(float.o)
                0x00003612                __bhs_ui2f
 .text.__aeabi_i2f
                0x00003674       0x18 c:/nxp/mcuxpressoide_10.1.1_606/ide/tools/bin/../lib/gcc/arm-none-eabi/6.3.1/thumb/v6-m\libcr_eabihelpers.a(float.o)
                0x00003674                __aeabi_i2f
 .text.__aeabi_ui2f
                0x0000368c        0xc c:/nxp/mcuxpressoide_10.1.1_606/ide/tools/bin/../lib/gcc/arm-none-eabi/6.3.1/thumb/v6-m\libcr_eabihelpers.a(float.o)
                0x0000368c                __aeabi_ui2f
 .text.__aeabi_llong_lmul
                0x00003698       0x2e c:/nxp/mcuxpressoide_10.1.1_606/ide/tools/bin/../lib/gcc/arm-none-eabi/6.3.1/thumb/v6-m\libcr_eabihelpers.a(llong.o)
                0x00003698                __aeabi_lmul
 .text.__aeabi_memset_lowlevel
                0x000036c6       0x2a c:/nxp/mcuxpressoide_10.1.1_606/ide/tools/bin/../lib/gcc/arm-none-eabi/6.3.1/thumb/v6-m\libcr_eabihelpers.a(memcpy.o)
                0x000036c6                __aeabi_lowlevel_memset
 .text.__sys_close
                0x000036f0        0xc c:/nxp/mcuxpressoide_10.1.1_606/ide/tools/bin/../lib/gcc/arm-none-eabi/6.3.1/../../../../arm-none-eabi/lib/thumb/v6-m\libcr_semihost_nf.a(__sys_close.o)
                0x000036f0                __sys_close
 .text.__sys_flen
                0x000036fc        0xc c:/nxp/mcuxpressoide_10.1.1_606/ide/tools/bin/../lib/gcc/arm-none-eabi/6.3.1/../../../../arm-none-eabi/lib/thumb/v6-m\libcr_semihost_nf.a(__sys_flen.o)
                0x000036fc                __sys_flen
 .text.__sys_istty
                0x00003708        0xc c:/nxp/mcuxpressoide_10.1.1_606/ide/tools/bin/../lib/gcc/arm-none-eabi/6.3.1/../../../../arm-none-eabi/lib/thumb/v6-m\libcr_semihost_nf.a(__sys_istty.o)
                0x00003708                __sys_istty
 .text.__sys_remove
                0x00003714        0xc c:/nxp/mcuxpressoide_10.1.1_606/ide/tools/bin/../lib/gcc/arm-none-eabi/6.3.1/../../../../arm-none-eabi/lib/thumb/v6-m\libcr_semihost_nf.a(__sys_remove.o)
                0x00003714                __sys_remove
 .text.__sys_seek
                0x00003720        0xc c:/nxp/mcuxpressoide_10.1.1_606/ide/tools/bin/../lib/gcc/arm-none-eabi/6.3.1/../../../../arm-none-eabi/lib/thumb/v6-m\libcr_semihost_nf.a(__sys_seek.o)
                0x00003720                __sys_seek
 .text.__sys_tmpnam
                0x0000372c        0xc c:/nxp/mcuxpressoide_10.1.1_606/ide/tools/bin/../lib/gcc/arm-none-eabi/6.3.1/../../../../arm-none-eabi/lib/thumb/v6-m\libcr_semihost_nf.a(__sys_tmpnam.o)
                0x0000372c                __sys_tmpnam
 .text.__sys_write
                0x00003738        0xc c:/nxp/mcuxpressoide_10.1.1_606/ide/tools/bin/../lib/gcc/arm-none-eabi/6.3.1/../../../../arm-none-eabi/lib/thumb/v6-m\libcr_semihost_nf.a(__sys_write.o)
                0x00003738                __sys_write
 *(.rodata .rodata.* .constdata .constdata.*)
 .rodata        0x00003744       0x63 ./source/main_P02.o
 *fill*         0x000037a7        0x1 ff
 .rodata        0x000037a8      0x13a ./drivers/fsl_adc16.o
 *fill*         0x000038e2        0x2 ff
 .rodata        0x000038e4      0x11d ./drivers/fsl_clock.o
 *fill*         0x00003a01        0x3 ff
 .rodata.CLOCK_GetFreq
                0x00003a04       0x38 ./drivers/fsl_clock.o
 .rodata.fllFactorTable.5202
                0x00003a3c       0x10 ./drivers/fsl_clock.o
 .rodata        0x00003a4c      0x48c ./drivers/fsl_lpsci.o
 .rodata.s_tpmBases
                0x00003ed8        0xc ./drivers/fsl_tpm.o
 .rodata.s_tpmClocks
                0x00003ee4        0xc ./drivers/fsl_tpm.o
 .rodata        0x00003ef0      0x287 ./drivers/fsl_tpm.o
 *fill*         0x00004177        0x1 ff
 .rodata.s_uartBases
                0x00004178        0xc ./drivers/fsl_uart.o
 .rodata.s_uartClock
                0x00004184        0xc ./drivers/fsl_uart.o
 .rodata        0x00004190      0x45b ./drivers/fsl_uart.o
 *fill*         0x000045eb        0x1 ff
 .rodata.mcgConfig_BOARD_BootClockRUN
                0x000045ec        0xa ./board/clock_config.o
                0x000045ec                mcgConfig_BOARD_BootClockRUN
 *fill*         0x000045f6        0x2 ff
 .rodata.simConfig_BOARD_BootClockRUN
                0x000045f8        0x8 ./board/clock_config.o
                0x000045f8                simConfig_BOARD_BootClockRUN
 .rodata.oscConfig_BOARD_BootClockRUN
                0x00004600        0x8 ./board/clock_config.o
                0x00004600                oscConfig_BOARD_BootClockRUN
 .rodata.__assertion_failed.str1.1
                0x00004608       0x15 c:/nxp/mcuxpressoide_10.1.1_606/ide/tools/bin/../lib/gcc/arm-none-eabi/6.3.1/../../../../arm-none-eabi/lib/thumb/v6-m\libcr_semihost_nf.a(_cr_assert.o)
 *fill*         0x0000461d        0x3 ff
 .rodata.__num_Ciob_streams
                0x00004620        0x4 c:/nxp/mcuxpressoide_10.1.1_606/ide/tools/bin/../lib/gcc/arm-none-eabi/6.3.1/../../../../arm-none-eabi/lib/thumb/v6-m\libcr_semihost_nf.a(__ciob.o)
                0x00004620                __num_Ciob_streams
 .rodata._Csys_alloc.str1.1
                0x00004624       0x18 c:/nxp/mcuxpressoide_10.1.1_606/ide/tools/bin/../lib/gcc/arm-none-eabi/6.3.1/../../../../arm-none-eabi/lib/thumb/v6-m\libcr_c.a(alloc.o)
 .rodata._initio.str1.1
                0x0000463c        0x4 c:/nxp/mcuxpressoide_10.1.1_606/ide/tools/bin/../lib/gcc/arm-none-eabi/6.3.1/../../../../arm-none-eabi/lib/thumb/v6-m\libcr_c.a(initio.o)
                0x00004640                . = ALIGN (0x4)

.glue_7         0x00004640        0x0
 .glue_7        0x00004640        0x0 linker stubs

.glue_7t        0x00004640        0x0
 .glue_7t       0x00004640        0x0 linker stubs

.vfp11_veneer   0x00004640        0x0
 .vfp11_veneer  0x00004640        0x0 linker stubs

.v4_bx          0x00004640        0x0
 .v4_bx         0x00004640        0x0 linker stubs

.iplt           0x00004640        0x0
 .iplt          0x00004640        0x0 ./utilities/fsl_debug_console.o

.rel.dyn        0x00004640        0x0
 .rel.iplt      0x00004640        0x0 ./utilities/fsl_debug_console.o

.ARM.extab
 *(.ARM.extab* .gnu.linkonce.armextab.*)
                0x00004640                __exidx_start = .

.ARM.exidx
 *(.ARM.exidx* .gnu.linkonce.armexidx.*)
                0x00004640                __exidx_end = .
                0x00004640                _etext = .

.m_usb_data
 *(m_usb_bdt)

.mtb_buffer_default
                0x1ffff000       0x80
 *(.mtb*)
 .mtb.$RAM1     0x1ffff000       0x80 ./source/mtb.o
                0x1ffff000                __mtb_buffer__

.uninit_RESERVED
                0x1ffff080        0x0
 *(.bss.$RESERVED*)
                0x1ffff080                . = ALIGN (0x4)
                0x1ffff080                _end_uninit_RESERVED = .

.data           0x1ffff080       0x18 load address 0x00004640
 FILL mask 0xff
                0x1ffff080                _data = .
 *(vtable)
 *(.ramfunc*)
 *(.data*)
 .data.rauw_digito
                0x1ffff080        0xa ./source/main_P02.o
                0x1ffff080                rauw_digito
 .data.rub_Modo
                0x1ffff08a        0x1 ./source/main_P02.o
                0x1ffff08a                rub_Modo
 *fill*         0x1ffff08b        0x1 ff
 .data.s_slowIrcFreq
                0x1ffff08c        0x4 ./drivers/fsl_clock.o
 .data.s_fastIrcFreq
                0x1ffff090        0x4 ./drivers/fsl_clock.o
 .data.SystemCoreClock
                0x1ffff094        0x4 ./CMSIS/system_MKL25Z4.o
                0x1ffff094                SystemCoreClock
                0x1ffff098                . = ALIGN (0x4)
                0x1ffff098                _edata = .

.igot.plt       0x1ffff098        0x0 load address 0x00004658
 .igot.plt      0x1ffff098        0x0 ./utilities/fsl_debug_console.o

.bss            0x1ffff098      0x124 load address 0x00004658
                0x1ffff098                _bss = .
 *(.bss*)
 .bss.s_debugConsole
                0x1ffff098       0x10 ./utilities/fsl_debug_console.o
 .bss.rub_posUnidades
                0x1ffff0a8        0x1 ./source/main_P02.o
                0x1ffff0a8                rub_posUnidades
 .bss.rub_posDecenas
                0x1ffff0a9        0x1 ./source/main_P02.o
                0x1ffff0a9                rub_posDecenas
 .bss.rub_posCentenas
                0x1ffff0aa        0x1 ./source/main_P02.o
                0x1ffff0aa                rub_posCentenas
 .bss.rub_posMillares
                0x1ffff0ab        0x1 ./source/main_P02.o
                0x1ffff0ab                rub_posMillares
 .bss.rub_pressed
                0x1ffff0ac        0x1 ./source/main_P02.o
                0x1ffff0ac                rub_pressed
 .bss.rub_GPIOBstatus
                0x1ffff0ad        0x1 ./source/main_P02.o
                0x1ffff0ad                rub_GPIOBstatus
 .bss.lub_vecesPressed
                0x1ffff0ae        0x2 ./source/main_P02.o
                0x1ffff0ae                lub_vecesPressed
 .bss.cnt       0x1ffff0b0        0x4 ./source/main_P02.o
                0x1ffff0b0                cnt
 .bss.tpmInfo   0x1ffff0b4        0x8 ./source/main_P02.o
                0x1ffff0b4                tpmInfo
 .bss.tpmIsrFlag
                0x1ffff0bc        0x1 ./source/main_P02.o
                0x1ffff0bc                tpmIsrFlag
 *fill*         0x1ffff0bd        0x3 
 .bss.milisecondCounts
                0x1ffff0c0        0x4 ./source/main_P02.o
                0x1ffff0c0                milisecondCounts
 .bss.g_Adc16ConversionDoneFlag
                0x1ffff0c4        0x1 ./source/main_P02.o
                0x1ffff0c4                g_Adc16ConversionDoneFlag
 *fill*         0x1ffff0c5        0x3 
 .bss.g_Adc16ConversionValue
                0x1ffff0c8        0x4 ./source/main_P02.o
                0x1ffff0c8                g_Adc16ConversionValue
 .bss.rul_ADCVoltage
                0x1ffff0cc        0x4 ./source/main_P02.o
                0x1ffff0cc                rul_ADCVoltage
 .bss.adc16ChannelConfigStruct
                0x1ffff0d0        0x8 ./source/main_P02.o
                0x1ffff0d0                adc16ChannelConfigStruct
 .bss.memory.5730
                0x1ffff0d8        0x2 ./source/main_P02.o
 *fill*         0x1ffff0da        0x2 
 .bss.g_xtal0Freq
                0x1ffff0dc        0x4 ./drivers/fsl_clock.o
                0x1ffff0dc                g_xtal0Freq
 .bss.g_xtal32Freq
                0x1ffff0e0        0x4 ./drivers/fsl_clock.o
                0x1ffff0e0                g_xtal32Freq
 .bss.s_lpsciHandle
                0x1ffff0e4        0x4 ./drivers/fsl_lpsci.o
 .bss.s_lpsciIsr
                0x1ffff0e8        0x4 ./drivers/fsl_lpsci.o
 .bss.s_uartHandle
                0x1ffff0ec        0xc ./drivers/fsl_uart.o
 .bss.s_uartIsr
                0x1ffff0f8        0x4 ./drivers/fsl_uart.o
 .bss.__Ciob    0x1ffff0fc       0xb4 c:/nxp/mcuxpressoide_10.1.1_606/ide/tools/bin/../lib/gcc/arm-none-eabi/6.3.1/../../../../arm-none-eabi/lib/thumb/v6-m\libcr_semihost_nf.a(__ciob.o)
                0x1ffff0fc                __Ciob
 .bss.__end_of_heap
                0x1ffff1b0        0x4 c:/nxp/mcuxpressoide_10.1.1_606/ide/tools/bin/../lib/gcc/arm-none-eabi/6.3.1/../../../../arm-none-eabi/lib/thumb/v6-m\libcr_c.a(__init_alloc.o)
                0x1ffff1b0                __end_of_heap
 .bss.__heaps   0x1ffff1b4        0x4 c:/nxp/mcuxpressoide_10.1.1_606/ide/tools/bin/../lib/gcc/arm-none-eabi/6.3.1/../../../../arm-none-eabi/lib/thumb/v6-m\libcr_c.a(__init_alloc.o)
                0x1ffff1b4                __heaps
 .bss.errno     0x1ffff1b8        0x4 c:/nxp/mcuxpressoide_10.1.1_606/ide/tools/bin/../lib/gcc/arm-none-eabi/6.3.1/../../../../arm-none-eabi/lib/thumb/v6-m\libcr_c.a(errno.o)
                0x1ffff1b8                errno
 *(COMMON)
                0x1ffff1bc                . = ALIGN (0x4)
                0x1ffff1bc                _ebss = .
                [!provide]                PROVIDE (end, .)

.noinit         0x1ffff1bc        0x0 load address 0x00004658
                0x1ffff1bc                _noinit = .
 *(.noinit*)
                0x1ffff1bc                . = ALIGN (0x4)
                0x1ffff1bc                _end_noinit = .
                0x00000400                _HeapSize = 0x400

.heap           0x1ffff1bc      0x400 load address 0x00004658
                0x1ffff1bc                _pvHeapStart = .
                0x1ffff5bc                . = (. + _HeapSize)
 *fill*         0x1ffff1bc      0x400 
                0x1ffff5bc                . = ALIGN (0x4)
                0x1ffff5bc                _pvHeapLimit = .
                0x00000400                _StackSize = 0x400

.heap2stackfill
                0x1ffff5bc      0x400 load address 0x00004658
                0x1ffff9bc                . = (. + _StackSize)
 *fill*         0x1ffff5bc      0x400 

.stack          0x20002c00        0x0
                0x20002c00                _vStackBase = .
                0x20002c00                . = ALIGN (0x4)
                0x20003000                _vStackTop = (. + _StackSize)
                0x00000000                _image_start = LOADADDR (.text)
                0x00004658                _image_end = (LOADADDR (.data) + SIZEOF (.data))
                0x00004658                _image_size = (_image_end - _image_start)
OUTPUT(Practica02.axf elf32-littlearm)

.debug_info     0x00000000     0x987f
 .debug_info    0x00000000      0x95d ./utilities/fsl_debug_console.o
 .debug_info    0x0000095d      0x49e ./startup/startup_mkl25z4.o
 .debug_info    0x00000dfb     0x16ae ./source/main_P02.o
 .debug_info    0x000024a9       0x4d ./source/mtb.o
 .debug_info    0x000024f6       0x37 ./source/semihost_hardfault.o
 .debug_info    0x0000252d      0xc10 ./drivers/fsl_adc16.o
 .debug_info    0x0000313d     0x194f ./drivers/fsl_clock.o
 .debug_info    0x00004a8c     0x1385 ./drivers/fsl_lpsci.o
 .debug_info    0x00005e11      0xbf0 ./drivers/fsl_tpm.o
 .debug_info    0x00006a01     0x132f ./drivers/fsl_uart.o
 .debug_info    0x00007d30      0x793 ./board/board.o
 .debug_info    0x000084c3      0xa61 ./board/clock_config.o
 .debug_info    0x00008f24      0x55a ./board/pin_mux.o
 .debug_info    0x0000947e      0x401 ./CMSIS/system_MKL25Z4.o

.debug_abbrev   0x00000000     0x1a93
 .debug_abbrev  0x00000000      0x1ee ./utilities/fsl_debug_console.o
 .debug_abbrev  0x000001ee      0x16a ./startup/startup_mkl25z4.o
 .debug_abbrev  0x00000358      0x323 ./source/main_P02.o
 .debug_abbrev  0x0000067b       0x3e ./source/mtb.o
 .debug_abbrev  0x000006b9       0x2c ./source/semihost_hardfault.o
 .debug_abbrev  0x000006e5      0x267 ./drivers/fsl_adc16.o
 .debug_abbrev  0x0000094c      0x322 ./drivers/fsl_clock.o
 .debug_abbrev  0x00000c6e      0x2c6 ./drivers/fsl_lpsci.o
 .debug_abbrev  0x00000f34      0x249 ./drivers/fsl_tpm.o
 .debug_abbrev  0x0000117d      0x2de ./drivers/fsl_uart.o
 .debug_abbrev  0x0000145b      0x180 ./board/board.o
 .debug_abbrev  0x000015db      0x1ed ./board/clock_config.o
 .debug_abbrev  0x000017c8      0x192 ./board/pin_mux.o
 .debug_abbrev  0x0000195a      0x139 ./CMSIS/system_MKL25Z4.o

.debug_aranges  0x00000000      0x8d8
 .debug_aranges
                0x00000000       0x48 ./utilities/fsl_debug_console.o
 .debug_aranges
                0x00000048      0x160 ./startup/startup_mkl25z4.o
 .debug_aranges
                0x000001a8       0xf8 ./source/main_P02.o
 .debug_aranges
                0x000002a0       0x18 ./source/mtb.o
 .debug_aranges
                0x000002b8       0x20 ./source/semihost_hardfault.o
 .debug_aranges
                0x000002d8       0x88 ./drivers/fsl_adc16.o
 .debug_aranges
                0x00000360      0x1d8 ./drivers/fsl_clock.o
 .debug_aranges
                0x00000538      0x118 ./drivers/fsl_lpsci.o
 .debug_aranges
                0x00000650       0x88 ./drivers/fsl_tpm.o
 .debug_aranges
                0x000006d8      0x130 ./drivers/fsl_uart.o
 .debug_aranges
                0x00000808       0x28 ./board/board.o
 .debug_aranges
                0x00000830       0x50 ./board/clock_config.o
 .debug_aranges
                0x00000880       0x30 ./board/pin_mux.o
 .debug_aranges
                0x000008b0       0x28 ./CMSIS/system_MKL25Z4.o

.debug_ranges   0x00000000      0x7f0
 .debug_ranges  0x00000000       0x38 ./utilities/fsl_debug_console.o
 .debug_ranges  0x00000038      0x150 ./startup/startup_mkl25z4.o
 .debug_ranges  0x00000188       0xe8 ./source/main_P02.o
 .debug_ranges  0x00000270       0x10 ./source/semihost_hardfault.o
 .debug_ranges  0x00000280       0x78 ./drivers/fsl_adc16.o
 .debug_ranges  0x000002f8      0x1c8 ./drivers/fsl_clock.o
 .debug_ranges  0x000004c0      0x108 ./drivers/fsl_lpsci.o
 .debug_ranges  0x000005c8       0x78 ./drivers/fsl_tpm.o
 .debug_ranges  0x00000640      0x120 ./drivers/fsl_uart.o
 .debug_ranges  0x00000760       0x18 ./board/board.o
 .debug_ranges  0x00000778       0x40 ./board/clock_config.o
 .debug_ranges  0x000007b8       0x20 ./board/pin_mux.o
 .debug_ranges  0x000007d8       0x18 ./CMSIS/system_MKL25Z4.o

.debug_line     0x00000000     0x2da3
 .debug_line    0x00000000      0x259 ./utilities/fsl_debug_console.o
 .debug_line    0x00000259      0x128 ./startup/startup_mkl25z4.o
 .debug_line    0x00000381      0x51c ./source/main_P02.o
 .debug_line    0x0000089d       0x30 ./source/mtb.o
 .debug_line    0x000008cd       0x54 ./source/semihost_hardfault.o
 .debug_line    0x00000921      0x311 ./drivers/fsl_adc16.o
 .debug_line    0x00000c32      0x8e8 ./drivers/fsl_clock.o
 .debug_line    0x0000151a      0x69e ./drivers/fsl_lpsci.o
 .debug_line    0x00001bb8      0x45e ./drivers/fsl_tpm.o
 .debug_line    0x00002016      0x6a1 ./drivers/fsl_uart.o
 .debug_line    0x000026b7      0x1a4 ./board/board.o
 .debug_line    0x0000285b      0x233 ./board/clock_config.o
 .debug_line    0x00002a8e      0x1c4 ./board/pin_mux.o
 .debug_line    0x00002c52      0x151 ./CMSIS/system_MKL25Z4.o

.debug_str      0x00000000     0x4e6d
 .debug_str     0x00000000      0xad6 ./utilities/fsl_debug_console.o
                                0xb4c (size before relaxing)
 .debug_str     0x00000ad6      0x3c7 ./startup/startup_mkl25z4.o
                                0x4aa (size before relaxing)
 .debug_str     0x00000e9d     0x15ad ./source/main_P02.o
                               0x1d3f (size before relaxing)
 .debug_str     0x0000244a       0x1f ./source/mtb.o
                                0x127 (size before relaxing)
 .debug_str     0x00002469       0x1f ./source/semihost_hardfault.o
                                0x12b (size before relaxing)
 .debug_str     0x00002488      0x5a9 ./drivers/fsl_adc16.o
                               0x1234 (size before relaxing)
 .debug_str     0x00002a31      0xa5b ./drivers/fsl_clock.o
                               0x17d6 (size before relaxing)
 .debug_str     0x0000348c      0x962 ./drivers/fsl_lpsci.o
                               0x159e (size before relaxing)
 .debug_str     0x00003dee      0x429 ./drivers/fsl_tpm.o
                               0x116d (size before relaxing)
 .debug_str     0x00004217      0x819 ./drivers/fsl_uart.o
                               0x15aa (size before relaxing)
 .debug_str     0x00004a30       0x4c ./board/board.o
                                0x729 (size before relaxing)
 .debug_str     0x00004a7c      0x222 ./board/clock_config.o
                                0xda8 (size before relaxing)
 .debug_str     0x00004c9e      0x155 ./board/pin_mux.o
                                0x5b3 (size before relaxing)
 .debug_str     0x00004df3       0x7a ./CMSIS/system_MKL25Z4.o
                                0x316 (size before relaxing)

.comment        0x00000000       0x7f
 .comment       0x00000000       0x7f ./utilities/fsl_debug_console.o
                                 0x80 (size before relaxing)
 .comment       0x0000007f       0x80 ./startup/startup_mkl25z4.o
 .comment       0x0000007f       0x80 ./source/main_P02.o
 .comment       0x0000007f       0x80 ./source/mtb.o
 .comment       0x0000007f       0x80 ./source/semihost_hardfault.o
 .comment       0x0000007f       0x80 ./drivers/fsl_adc16.o
 .comment       0x0000007f       0x80 ./drivers/fsl_clock.o
 .comment       0x0000007f       0x80 ./drivers/fsl_lpsci.o
 .comment       0x0000007f       0x80 ./drivers/fsl_tpm.o
 .comment       0x0000007f       0x80 ./drivers/fsl_uart.o
 .comment       0x0000007f       0x80 ./board/board.o
 .comment       0x0000007f       0x80 ./board/clock_config.o
 .comment       0x0000007f       0x80 ./board/pin_mux.o
 .comment       0x0000007f       0x80 ./CMSIS/system_MKL25Z4.o
 .comment       0x0000007f       0x80 c:/nxp/mcuxpressoide_10.1.1_606/ide/tools/bin/../lib/gcc/arm-none-eabi/6.3.1/../../../../arm-none-eabi/lib/thumb/v6-m\libcr_semihost_nf.a(_cr__main.o)
 .comment       0x0000007f       0x80 c:/nxp/mcuxpressoide_10.1.1_606/ide/tools/bin/../lib/gcc/arm-none-eabi/6.3.1/../../../../arm-none-eabi/lib/thumb/v6-m\libcr_semihost_nf.a(_cr_assert.o)
 .comment       0x0000007f       0x80 c:/nxp/mcuxpressoide_10.1.1_606/ide/tools/bin/../lib/gcc/arm-none-eabi/6.3.1/../../../../arm-none-eabi/lib/thumb/v6-m\libcr_semihost_nf.a(__ciob.o)
 .comment       0x0000007f       0x80 c:/nxp/mcuxpressoide_10.1.1_606/ide/tools/bin/../lib/gcc/arm-none-eabi/6.3.1/../../../../arm-none-eabi/lib/thumb/v6-m\libcr_c.a(memset.o)
 .comment       0x0000007f       0x80 c:/nxp/mcuxpressoide_10.1.1_606/ide/tools/bin/../lib/gcc/arm-none-eabi/6.3.1/../../../../arm-none-eabi/lib/thumb/v6-m\libcr_c.a(_deferredlazyseek.o)
 .comment       0x0000007f       0x80 c:/nxp/mcuxpressoide_10.1.1_606/ide/tools/bin/../lib/gcc/arm-none-eabi/6.3.1/../../../../arm-none-eabi/lib/thumb/v6-m\libcr_c.a(_fflush.o)
 .comment       0x0000007f       0x80 c:/nxp/mcuxpressoide_10.1.1_606/ide/tools/bin/../lib/gcc/arm-none-eabi/6.3.1/../../../../arm-none-eabi/lib/thumb/v6-m\libcr_c.a(_writebuf.o)
 .comment       0x0000007f       0x80 c:/nxp/mcuxpressoide_10.1.1_606/ide/tools/bin/../lib/gcc/arm-none-eabi/6.3.1/../../../../arm-none-eabi/lib/thumb/v6-m\libcr_c.a(alloc.o)
 .comment       0x0000007f       0x80 c:/nxp/mcuxpressoide_10.1.1_606/ide/tools/bin/../lib/gcc/arm-none-eabi/6.3.1/../../../../arm-none-eabi/lib/thumb/v6-m\libcr_c.a(fputs.o)
 .comment       0x0000007f       0x80 c:/nxp/mcuxpressoide_10.1.1_606/ide/tools/bin/../lib/gcc/arm-none-eabi/6.3.1/../../../../arm-none-eabi/lib/thumb/v6-m\libcr_c.a(fseek.o)
 .comment       0x0000007f       0x80 c:/nxp/mcuxpressoide_10.1.1_606/ide/tools/bin/../lib/gcc/arm-none-eabi/6.3.1/../../../../arm-none-eabi/lib/thumb/v6-m\libcr_c.a(ftell.o)
 .comment       0x0000007f       0x80 c:/nxp/mcuxpressoide_10.1.1_606/ide/tools/bin/../lib/gcc/arm-none-eabi/6.3.1/../../../../arm-none-eabi/lib/thumb/v6-m\libcr_c.a(initio.o)
 .comment       0x0000007f       0x80 c:/nxp/mcuxpressoide_10.1.1_606/ide/tools/bin/../lib/gcc/arm-none-eabi/6.3.1/../../../../arm-none-eabi/lib/thumb/v6-m\libcr_c.a(setvbuf.o)
 .comment       0x0000007f       0x80 c:/nxp/mcuxpressoide_10.1.1_606/ide/tools/bin/../lib/gcc/arm-none-eabi/6.3.1/../../../../arm-none-eabi/lib/thumb/v6-m\libcr_c.a(__init_alloc.o)
 .comment       0x0000007f       0x80 c:/nxp/mcuxpressoide_10.1.1_606/ide/tools/bin/../lib/gcc/arm-none-eabi/6.3.1/../../../../arm-none-eabi/lib/thumb/v6-m\libcr_c.a(_cr_sbrk.o)
 .comment       0x0000007f       0x80 c:/nxp/mcuxpressoide_10.1.1_606/ide/tools/bin/../lib/gcc/arm-none-eabi/6.3.1/../../../../arm-none-eabi/lib/thumb/v6-m\libcr_c.a(_fdopen.o)
 .comment       0x0000007f       0x80 c:/nxp/mcuxpressoide_10.1.1_606/ide/tools/bin/../lib/gcc/arm-none-eabi/6.3.1/../../../../arm-none-eabi/lib/thumb/v6-m\libcr_c.a(errno.o)
 .comment       0x0000007f       0x80 c:/nxp/mcuxpressoide_10.1.1_606/ide/tools/bin/../lib/gcc/arm-none-eabi/6.3.1/../../../../arm-none-eabi/lib/thumb/v6-m\libcr_c.a(fclose.o)
 .comment       0x0000007f       0x80 c:/nxp/mcuxpressoide_10.1.1_606/ide/tools/bin/../lib/gcc/arm-none-eabi/6.3.1/../../../../arm-none-eabi/lib/thumb/v6-m\libcr_c.a(fflush.o)
 .comment       0x0000007f       0x80 c:/nxp/mcuxpressoide_10.1.1_606/ide/tools/bin/../lib/gcc/arm-none-eabi/6.3.1/../../../../arm-none-eabi/lib/thumb/v6-m\libcr_c.a(remove.o)
 .comment       0x0000007f       0x80 c:/nxp/mcuxpressoide_10.1.1_606/ide/tools/bin/../lib/gcc/arm-none-eabi/6.3.1/../../../../arm-none-eabi/lib/thumb/v6-m\libcr_c.a(strlen.o)
 .comment       0x0000007f       0x80 c:/nxp/mcuxpressoide_10.1.1_606/ide/tools/bin/../lib/gcc/arm-none-eabi/6.3.1/../../../../arm-none-eabi/lib/thumb/v6-m\libcr_c.a(_cr_check_heap.o)
 .comment       0x0000007f       0x80 c:/nxp/mcuxpressoide_10.1.1_606/ide/tools/bin/../lib/gcc/arm-none-eabi/6.3.1/../../../../arm-none-eabi/lib/thumb/v6-m\libcr_c.a(_do_fflush.o)
 .comment       0x0000007f       0x80 c:/nxp/mcuxpressoide_10.1.1_606/ide/tools/bin/../lib/gcc/arm-none-eabi/6.3.1/thumb/v6-m\libcr_eabihelpers.a(float.o)

.ARM.attributes
                0x00000000       0x30
 .ARM.attributes
                0x00000000       0x32 ./utilities/fsl_debug_console.o
 .ARM.attributes
                0x00000032       0x32 ./startup/startup_mkl25z4.o
 .ARM.attributes
                0x00000064       0x32 ./source/main_P02.o
 .ARM.attributes
                0x00000096       0x32 ./source/mtb.o
 .ARM.attributes
                0x000000c8       0x32 ./source/semihost_hardfault.o
 .ARM.attributes
                0x000000fa       0x32 ./drivers/fsl_adc16.o
 .ARM.attributes
                0x0000012c       0x32 ./drivers/fsl_clock.o
 .ARM.attributes
                0x0000015e       0x32 ./drivers/fsl_lpsci.o
 .ARM.attributes
                0x00000190       0x32 ./drivers/fsl_tpm.o
 .ARM.attributes
                0x000001c2       0x32 ./drivers/fsl_uart.o
 .ARM.attributes
                0x000001f4       0x32 ./board/board.o
 .ARM.attributes
                0x00000226       0x32 ./board/clock_config.o
 .ARM.attributes
                0x00000258       0x32 ./board/pin_mux.o
 .ARM.attributes
                0x0000028a       0x32 ./CMSIS/system_MKL25Z4.o
 .ARM.attributes
                0x000002bc       0x31 c:/nxp/mcuxpressoide_10.1.1_606/ide/tools/bin/../lib/gcc/arm-none-eabi/6.3.1/../../../../arm-none-eabi/lib/thumb/v6-m\libcr_semihost_nf.a(_cr__main.o)
 .ARM.attributes
                0x000002ed       0x31 c:/nxp/mcuxpressoide_10.1.1_606/ide/tools/bin/../lib/gcc/arm-none-eabi/6.3.1/../../../../arm-none-eabi/lib/thumb/v6-m\libcr_semihost_nf.a(_cr_assert.o)
 .ARM.attributes
                0x0000031e       0x31 c:/nxp/mcuxpressoide_10.1.1_606/ide/tools/bin/../lib/gcc/arm-none-eabi/6.3.1/../../../../arm-none-eabi/lib/thumb/v6-m\libcr_semihost_nf.a(__ciob.o)
 .ARM.attributes
                0x0000034f       0x21 c:/nxp/mcuxpressoide_10.1.1_606/ide/tools/bin/../lib/gcc/arm-none-eabi/6.3.1/../../../../arm-none-eabi/lib/thumb/v6-m\libcr_semihost_nf.a(__sys_appexit.o)
 .ARM.attributes
                0x00000370       0x31 c:/nxp/mcuxpressoide_10.1.1_606/ide/tools/bin/../lib/gcc/arm-none-eabi/6.3.1/../../../../arm-none-eabi/lib/thumb/v6-m\libcr_c.a(memset.o)
 .ARM.attributes
                0x000003a1       0x31 c:/nxp/mcuxpressoide_10.1.1_606/ide/tools/bin/../lib/gcc/arm-none-eabi/6.3.1/../../../../arm-none-eabi/lib/thumb/v6-m\libcr_c.a(_deferredlazyseek.o)
 .ARM.attributes
                0x000003d2       0x31 c:/nxp/mcuxpressoide_10.1.1_606/ide/tools/bin/../lib/gcc/arm-none-eabi/6.3.1/../../../../arm-none-eabi/lib/thumb/v6-m\libcr_c.a(_fflush.o)
 .ARM.attributes
                0x00000403       0x31 c:/nxp/mcuxpressoide_10.1.1_606/ide/tools/bin/../lib/gcc/arm-none-eabi/6.3.1/../../../../arm-none-eabi/lib/thumb/v6-m\libcr_c.a(_writebuf.o)
 .ARM.attributes
                0x00000434       0x31 c:/nxp/mcuxpressoide_10.1.1_606/ide/tools/bin/../lib/gcc/arm-none-eabi/6.3.1/../../../../arm-none-eabi/lib/thumb/v6-m\libcr_c.a(alloc.o)
 .ARM.attributes
                0x00000465       0x31 c:/nxp/mcuxpressoide_10.1.1_606/ide/tools/bin/../lib/gcc/arm-none-eabi/6.3.1/../../../../arm-none-eabi/lib/thumb/v6-m\libcr_c.a(fputs.o)
 .ARM.attributes
                0x00000496       0x31 c:/nxp/mcuxpressoide_10.1.1_606/ide/tools/bin/../lib/gcc/arm-none-eabi/6.3.1/../../../../arm-none-eabi/lib/thumb/v6-m\libcr_c.a(fseek.o)
 .ARM.attributes
                0x000004c7       0x31 c:/nxp/mcuxpressoide_10.1.1_606/ide/tools/bin/../lib/gcc/arm-none-eabi/6.3.1/../../../../arm-none-eabi/lib/thumb/v6-m\libcr_c.a(ftell.o)
 .ARM.attributes
                0x000004f8       0x31 c:/nxp/mcuxpressoide_10.1.1_606/ide/tools/bin/../lib/gcc/arm-none-eabi/6.3.1/../../../../arm-none-eabi/lib/thumb/v6-m\libcr_c.a(initio.o)
 .ARM.attributes
                0x00000529       0x31 c:/nxp/mcuxpressoide_10.1.1_606/ide/tools/bin/../lib/gcc/arm-none-eabi/6.3.1/../../../../arm-none-eabi/lib/thumb/v6-m\libcr_c.a(setvbuf.o)
 .ARM.attributes
                0x0000055a       0x31 c:/nxp/mcuxpressoide_10.1.1_606/ide/tools/bin/../lib/gcc/arm-none-eabi/6.3.1/../../../../arm-none-eabi/lib/thumb/v6-m\libcr_c.a(__init_alloc.o)
 .ARM.attributes
                0x0000058b       0x31 c:/nxp/mcuxpressoide_10.1.1_606/ide/tools/bin/../lib/gcc/arm-none-eabi/6.3.1/../../../../arm-none-eabi/lib/thumb/v6-m\libcr_c.a(_cr_sbrk.o)
 .ARM.attributes
                0x000005bc       0x31 c:/nxp/mcuxpressoide_10.1.1_606/ide/tools/bin/../lib/gcc/arm-none-eabi/6.3.1/../../../../arm-none-eabi/lib/thumb/v6-m\libcr_c.a(_fdopen.o)
 .ARM.attributes
                0x000005ed       0x31 c:/nxp/mcuxpressoide_10.1.1_606/ide/tools/bin/../lib/gcc/arm-none-eabi/6.3.1/../../../../arm-none-eabi/lib/thumb/v6-m\libcr_c.a(errno.o)
 .ARM.attributes
                0x0000061e       0x31 c:/nxp/mcuxpressoide_10.1.1_606/ide/tools/bin/../lib/gcc/arm-none-eabi/6.3.1/../../../../arm-none-eabi/lib/thumb/v6-m\libcr_c.a(fclose.o)
 .ARM.attributes
                0x0000064f       0x31 c:/nxp/mcuxpressoide_10.1.1_606/ide/tools/bin/../lib/gcc/arm-none-eabi/6.3.1/../../../../arm-none-eabi/lib/thumb/v6-m\libcr_c.a(fflush.o)
 .ARM.attributes
                0x00000680       0x31 c:/nxp/mcuxpressoide_10.1.1_606/ide/tools/bin/../lib/gcc/arm-none-eabi/6.3.1/../../../../arm-none-eabi/lib/thumb/v6-m\libcr_c.a(remove.o)
 .ARM.attributes
                0x000006b1       0x31 c:/nxp/mcuxpressoide_10.1.1_606/ide/tools/bin/../lib/gcc/arm-none-eabi/6.3.1/../../../../arm-none-eabi/lib/thumb/v6-m\libcr_c.a(strlen.o)
 .ARM.attributes
                0x000006e2       0x31 c:/nxp/mcuxpressoide_10.1.1_606/ide/tools/bin/../lib/gcc/arm-none-eabi/6.3.1/../../../../arm-none-eabi/lib/thumb/v6-m\libcr_c.a(_cr_check_heap.o)
 .ARM.attributes
                0x00000713       0x31 c:/nxp/mcuxpressoide_10.1.1_606/ide/tools/bin/../lib/gcc/arm-none-eabi/6.3.1/../../../../arm-none-eabi/lib/thumb/v6-m\libcr_c.a(_do_fflush.o)
 .ARM.attributes
                0x00000744       0x21 c:/nxp/mcuxpressoide_10.1.1_606/ide/tools/bin/../lib/gcc/arm-none-eabi/6.3.1/thumb/v6-m\libcr_eabihelpers.a(division_32.o)
 .ARM.attributes
                0x00000765       0x21 c:/nxp/mcuxpressoide_10.1.1_606/ide/tools/bin/../lib/gcc/arm-none-eabi/6.3.1/thumb/v6-m\libcr_eabihelpers.a(division_64.o)
 .ARM.attributes
                0x00000786       0x21 c:/nxp/mcuxpressoide_10.1.1_606/ide/tools/bin/../lib/gcc/arm-none-eabi/6.3.1/thumb/v6-m\libcr_eabihelpers.a(division_idiv0.o)
 .ARM.attributes
                0x000007a7       0x31 c:/nxp/mcuxpressoide_10.1.1_606/ide/tools/bin/../lib/gcc/arm-none-eabi/6.3.1/thumb/v6-m\libcr_eabihelpers.a(float.o)
 .ARM.attributes
                0x000007d8       0x21 c:/nxp/mcuxpressoide_10.1.1_606/ide/tools/bin/../lib/gcc/arm-none-eabi/6.3.1/thumb/v6-m\libcr_eabihelpers.a(llong.o)
 .ARM.attributes
                0x000007f9       0x21 c:/nxp/mcuxpressoide_10.1.1_606/ide/tools/bin/../lib/gcc/arm-none-eabi/6.3.1/thumb/v6-m\libcr_eabihelpers.a(memcpy.o)
 .ARM.attributes
                0x0000081a       0x21 c:/nxp/mcuxpressoide_10.1.1_606/ide/tools/bin/../lib/gcc/arm-none-eabi/6.3.1/../../../../arm-none-eabi/lib/thumb/v6-m\libcr_semihost_nf.a(__sys_close.o)
 .ARM.attributes
                0x0000083b       0x21 c:/nxp/mcuxpressoide_10.1.1_606/ide/tools/bin/../lib/gcc/arm-none-eabi/6.3.1/../../../../arm-none-eabi/lib/thumb/v6-m\libcr_semihost_nf.a(__sys_flen.o)
 .ARM.attributes
                0x0000085c       0x21 c:/nxp/mcuxpressoide_10.1.1_606/ide/tools/bin/../lib/gcc/arm-none-eabi/6.3.1/../../../../arm-none-eabi/lib/thumb/v6-m\libcr_semihost_nf.a(__sys_istty.o)
 .ARM.attributes
                0x0000087d       0x21 c:/nxp/mcuxpressoide_10.1.1_606/ide/tools/bin/../lib/gcc/arm-none-eabi/6.3.1/../../../../arm-none-eabi/lib/thumb/v6-m\libcr_semihost_nf.a(__sys_remove.o)
 .ARM.attributes
                0x0000089e       0x21 c:/nxp/mcuxpressoide_10.1.1_606/ide/tools/bin/../lib/gcc/arm-none-eabi/6.3.1/../../../../arm-none-eabi/lib/thumb/v6-m\libcr_semihost_nf.a(__sys_seek.o)
 .ARM.attributes
                0x000008bf       0x21 c:/nxp/mcuxpressoide_10.1.1_606/ide/tools/bin/../lib/gcc/arm-none-eabi/6.3.1/../../../../arm-none-eabi/lib/thumb/v6-m\libcr_semihost_nf.a(__sys_tmpnam.o)
 .ARM.attributes
                0x000008e0       0x21 c:/nxp/mcuxpressoide_10.1.1_606/ide/tools/bin/../lib/gcc/arm-none-eabi/6.3.1/../../../../arm-none-eabi/lib/thumb/v6-m\libcr_semihost_nf.a(__sys_write.o)

.debug_frame    0x00000000     0x1cdc
 .debug_frame   0x00000000       0xcc ./utilities/fsl_debug_console.o
 .debug_frame   0x000000cc      0x3b0 ./startup/startup_mkl25z4.o
 .debug_frame   0x0000047c      0x364 ./source/main_P02.o
 .debug_frame   0x000007e0       0x20 ./source/semihost_hardfault.o
 .debug_frame   0x00000800      0x1d0 ./drivers/fsl_adc16.o
 .debug_frame   0x000009d0      0x6dc ./drivers/fsl_clock.o
 .debug_frame   0x000010ac      0x410 ./drivers/fsl_lpsci.o
 .debug_frame   0x000014bc      0x1d0 ./drivers/fsl_tpm.o
 .debug_frame   0x0000168c      0x464 ./drivers/fsl_uart.o
 .debug_frame   0x00001af0       0x50 ./board/board.o
 .debug_frame   0x00001b40       0xe4 ./board/clock_config.o
 .debug_frame   0x00001c24       0x6c ./board/pin_mux.o
 .debug_frame   0x00001c90       0x4c ./CMSIS/system_MKL25Z4.o
