Archive member included to satisfy reference by file (symbol)

c:/nxp/mcuxpressoide_10.1.1_606/ide/tools/bin/../lib/gcc/arm-none-eabi/6.3.1/../../../../arm-none-eabi/lib/thumb/v6-m\libcr_semihost_nf.a(_cr__main.o)
                              ./startup/startup_mkl25z4.o (__main)
c:/nxp/mcuxpressoide_10.1.1_606/ide/tools/bin/../lib/gcc/arm-none-eabi/6.3.1/../../../../arm-none-eabi/lib/thumb/v6-m\libcr_semihost_nf.a(_cr_assert.o)
                              ./source/main_P02.o (__assertion_failed)
c:/nxp/mcuxpressoide_10.1.1_606/ide/tools/bin/../lib/gcc/arm-none-eabi/6.3.1/../../../../arm-none-eabi/lib/thumb/v6-m\libcr_semihost_nf.a(__ciob.o)
                              c:/nxp/mcuxpressoide_10.1.1_606/ide/tools/bin/../lib/gcc/arm-none-eabi/6.3.1/../../../../arm-none-eabi/lib/thumb/v6-m\libcr_semihost_nf.a(_cr_assert.o) (__Ciob)
c:/nxp/mcuxpressoide_10.1.1_606/ide/tools/bin/../lib/gcc/arm-none-eabi/6.3.1/../../../../arm-none-eabi/lib/thumb/v6-m\libcr_semihost_nf.a(__sys_appexit.o)
                              c:/nxp/mcuxpressoide_10.1.1_606/ide/tools/bin/../lib/gcc/arm-none-eabi/6.3.1/../../../../arm-none-eabi/lib/thumb/v6-m\libcr_semihost_nf.a(_cr_assert.o) (__sys_appexit)
c:/nxp/mcuxpressoide_10.1.1_606/ide/tools/bin/../lib/gcc/arm-none-eabi/6.3.1/../../../../arm-none-eabi/lib/thumb/v6-m\libcr_c.a(memcpy.o)
                              ./drivers/fsl_flash.o (memcpy)
c:/nxp/mcuxpressoide_10.1.1_606/ide/tools/bin/../lib/gcc/arm-none-eabi/6.3.1/../../../../arm-none-eabi/lib/thumb/v6-m\libcr_c.a(memset.o)
                              ./drivers/fsl_flash.o (memset)
c:/nxp/mcuxpressoide_10.1.1_606/ide/tools/bin/../lib/gcc/arm-none-eabi/6.3.1/../../../../arm-none-eabi/lib/thumb/v6-m\libcr_c.a(_deferredlazyseek.o)
                              c:/nxp/mcuxpressoide_10.1.1_606/ide/tools/bin/../lib/gcc/arm-none-eabi/6.3.1/../../../../arm-none-eabi/lib/thumb/v6-m\libcr_semihost_nf.a(_cr_assert.o) (__flsbuf)
c:/nxp/mcuxpressoide_10.1.1_606/ide/tools/bin/../lib/gcc/arm-none-eabi/6.3.1/../../../../arm-none-eabi/lib/thumb/v6-m\libcr_c.a(_fflush.o)
                              c:/nxp/mcuxpressoide_10.1.1_606/ide/tools/bin/../lib/gcc/arm-none-eabi/6.3.1/../../../../arm-none-eabi/lib/thumb/v6-m\libcr_c.a(_deferredlazyseek.o) (_fflush)
c:/nxp/mcuxpressoide_10.1.1_606/ide/tools/bin/../lib/gcc/arm-none-eabi/6.3.1/../../../../arm-none-eabi/lib/thumb/v6-m\libcr_c.a(_writebuf.o)
                              c:/nxp/mcuxpressoide_10.1.1_606/ide/tools/bin/../lib/gcc/arm-none-eabi/6.3.1/../../../../arm-none-eabi/lib/thumb/v6-m\libcr_c.a(_deferredlazyseek.o) (_Cwritebuf)
c:/nxp/mcuxpressoide_10.1.1_606/ide/tools/bin/../lib/gcc/arm-none-eabi/6.3.1/../../../../arm-none-eabi/lib/thumb/v6-m\libcr_c.a(alloc.o)
                              c:/nxp/mcuxpressoide_10.1.1_606/ide/tools/bin/../lib/gcc/arm-none-eabi/6.3.1/../../../../arm-none-eabi/lib/thumb/v6-m\libcr_c.a(_deferredlazyseek.o) (_Csys_alloc)
c:/nxp/mcuxpressoide_10.1.1_606/ide/tools/bin/../lib/gcc/arm-none-eabi/6.3.1/../../../../arm-none-eabi/lib/thumb/v6-m\libcr_c.a(fputs.o)
                              c:/nxp/mcuxpressoide_10.1.1_606/ide/tools/bin/../lib/gcc/arm-none-eabi/6.3.1/../../../../arm-none-eabi/lib/thumb/v6-m\libcr_semihost_nf.a(_cr_assert.o) (fputs)
c:/nxp/mcuxpressoide_10.1.1_606/ide/tools/bin/../lib/gcc/arm-none-eabi/6.3.1/../../../../arm-none-eabi/lib/thumb/v6-m\libcr_c.a(fseek.o)
                              c:/nxp/mcuxpressoide_10.1.1_606/ide/tools/bin/../lib/gcc/arm-none-eabi/6.3.1/../../../../arm-none-eabi/lib/thumb/v6-m\libcr_c.a(_deferredlazyseek.o) (fseek)
c:/nxp/mcuxpressoide_10.1.1_606/ide/tools/bin/../lib/gcc/arm-none-eabi/6.3.1/../../../../arm-none-eabi/lib/thumb/v6-m\libcr_c.a(ftell.o)
                              c:/nxp/mcuxpressoide_10.1.1_606/ide/tools/bin/../lib/gcc/arm-none-eabi/6.3.1/../../../../arm-none-eabi/lib/thumb/v6-m\libcr_c.a(fseek.o) (ftell)
c:/nxp/mcuxpressoide_10.1.1_606/ide/tools/bin/../lib/gcc/arm-none-eabi/6.3.1/../../../../arm-none-eabi/lib/thumb/v6-m\libcr_c.a(initio.o)
                              c:/nxp/mcuxpressoide_10.1.1_606/ide/tools/bin/../lib/gcc/arm-none-eabi/6.3.1/../../../../arm-none-eabi/lib/thumb/v6-m\libcr_semihost_nf.a(_cr__main.o) (_initio)
c:/nxp/mcuxpressoide_10.1.1_606/ide/tools/bin/../lib/gcc/arm-none-eabi/6.3.1/../../../../arm-none-eabi/lib/thumb/v6-m\libcr_c.a(setvbuf.o)
                              c:/nxp/mcuxpressoide_10.1.1_606/ide/tools/bin/../lib/gcc/arm-none-eabi/6.3.1/../../../../arm-none-eabi/lib/thumb/v6-m\libcr_c.a(initio.o) (setvbuf)
c:/nxp/mcuxpressoide_10.1.1_606/ide/tools/bin/../lib/gcc/arm-none-eabi/6.3.1/../../../../arm-none-eabi/lib/thumb/v6-m\libcr_c.a(__init_alloc.o)
                              c:/nxp/mcuxpressoide_10.1.1_606/ide/tools/bin/../lib/gcc/arm-none-eabi/6.3.1/../../../../arm-none-eabi/lib/thumb/v6-m\libcr_c.a(alloc.o) (__heaps)
[...]
Memory Configuration

Name             Origin             Length             Attributes
PROGRAM_FLASH    0x00000000         0x00020000         xr
SRAM             0x1ffff000         0x00004000         xrw
*default*        0x00000000         0xffffffff

Linker script and memory map

LOAD ./utilities/fsl_debug_console.o
LOAD ./startup/startup_mkl25z4.o
LOAD ./source/main_P02.o
LOAD ./source/mtb.o
LOAD ./source/semihost_hardfault.o
LOAD ./drivers/fsl_adc16.o
LOAD ./drivers/fsl_clock.o
LOAD ./drivers/fsl_common.o
LOAD ./drivers/fsl_flash.o
LOAD ./drivers/fsl_gpio.o
LOAD ./drivers/fsl_lpsci.o
LOAD ./drivers/fsl_smc.o
LOAD ./drivers/fsl_tpm.o
LOAD ./drivers/fsl_uart.o
LOAD ./board/board.o
LOAD ./board/clock_config.o
LOAD ./board/pin_mux.o
LOAD ./CMSIS/system_MKL25Z4.o
START GROUP
LOAD c:/nxp/mcuxpressoide_10.1.1_606/ide/tools/bin/../lib/gcc/arm-none-eabi/6.3.1/../../../../arm-none-eabi/lib/thumb/v6-m\libcr_semihost_nf.a
LOAD c:/nxp/mcuxpressoide_10.1.1_606/ide/tools/bin/../lib/gcc/arm-none-eabi/6.3.1/../../../../arm-none-eabi/lib/thumb/v6-m\libcr_c.a
LOAD c:/nxp/mcuxpressoide_10.1.1_606/ide/tools/bin/../lib/gcc/arm-none-eabi/6.3.1/thumb/v6-m\libcr_eabihelpers.a
END GROUP
                0x00000000                __base_PROGRAM_FLASH = 0x0
                0x00000000                __base_Flash = 0x0
                0x00020000                __top_PROGRAM_FLASH = 0x20000
                0x00020000                __top_Flash = 0x20000
                0x1ffff000                __base_SRAM = 0x1ffff000
                0x1ffff000                __base_RAM = 0x1ffff000
                0x20003000                __top_SRAM = 0x20003000
                0x20003000                __top_RAM = 0x20003000

.text           0x00000000     0x45fc
 FILL mask 0xff
                0x00000000                __vectors_start__ = ABSOLUTE (.)
 *(.isr_vector)
 .isr_vector    0x00000000       0xc0 ./startup/startup_mkl25z4.o
                0x00000000                g_pfnVectors
                0x00000000                __Vectors
                0x000000c0                . = ALIGN (0x4)
                0x000000c0                __section_table_start = .
                0x000000c0                __data_section_table = .
                0x000000c0        0x4 LONG 0x45fc LOADADDR (.data)
                0x000000c4        0x4 LONG 0x1ffff080 ADDR (.data)
                0x000000c8        0x4 LONG 0x18 SIZEOF (.data)
                0x000000cc                __data_section_table_end = .
                0x000000cc                __bss_section_table = .
                0x000000cc        0x4 LONG 0x1ffff098 ADDR (.bss)
                0x000000d0        0x4 LONG 0x124 SIZEOF (.bss)
                0x000000d4                __bss_section_table_end = .
                0x000000d4                __section_table_end = .
 *(.after_vectors*)
 .after_vectors.init_data
                0x000000d4       0x16 ./startup/startup_mkl25z4.o
                0x000000d4                data_init
 .after_vectors.init_bss
                0x000000ea       0x12 ./startup/startup_mkl25z4.o
                0x000000ea                bss_init
 .after_vectors.reset
                0x000000fc       0x4c ./startup/startup_mkl25z4.o
                0x000000fc                ResetISR
 .after_vectors
                0x00000148      0x10c ./startup/startup_mkl25z4.o
                0x00000148                NMI_Handler
                0x0000014c                SVC_Handler
                0x0000014e                PendSV_Handler
                0x00000150                SysTick_Handler
                0x00000152                LPTMR0_DriverIRQHandler
                0x00000152                Reserved39_DriverIRQHandler
                0x00000152                DMA0_DriverIRQHandler
                0x00000152                SPI1_DriverIRQHandler
                0x00000152                I2C0_DriverIRQHandler
                0x00000152                PORTD_DriverIRQHandler
                0x00000152                DMA2_DriverIRQHandler
                0x00000152                CMP0_DriverIRQHandler
                0x00000152                TPM2_DriverIRQHandler
                0x00000152                ADC0_DriverIRQHandler
                0x00000152                SPI0_DriverIRQHandler
                0x00000152                TSI0_DriverIRQHandler
                0x00000152                RTC_Seconds_DriverIRQHandler
                0x00000152                I2C1_DriverIRQHandler
                0x00000152                DMA1_DriverIRQHandler
                0x00000152                LLWU_DriverIRQHandler
                0x00000152                MCG_DriverIRQHandler
                0x00000152                PIT_DriverIRQHandler
                0x00000152                RTC_DriverIRQHandler
                0x00000152                FTFA_DriverIRQHandler
                0x00000152                IntDefaultHandler
                0x00000152                USB0_DriverIRQHandler
                0x00000152                DAC0_DriverIRQHandler
                0x00000152                TPM1_DriverIRQHandler
                0x00000152                LVD_LVW_DriverIRQHandler
                0x00000152                TPM0_DriverIRQHandler
                0x00000152                PORTA_DriverIRQHandler
                0x00000152                Reserved20_DriverIRQHandler
                0x00000152                DMA3_DriverIRQHandler
                0x00000152                Reserved45_DriverIRQHandler
                0x00000154                DMA0_IRQHandler
                0x0000015c                DMA1_IRQHandler
                0x00000164                DMA2_IRQHandler
                0x0000016c                DMA3_IRQHandler
                0x00000174                Reserved20_IRQHandler
                0x0000017c                FTFA_IRQHandler
                0x00000184                LVD_LVW_IRQHandler
                0x0000018c                LLWU_IRQHandler
                0x00000194                I2C0_IRQHandler
                0x0000019c                I2C1_IRQHandler
                0x000001a4                SPI0_IRQHandler
                0x000001ac                SPI1_IRQHandler
                0x000001b4                UART0_IRQHandler
                0x000001bc                UART1_IRQHandler
                0x000001c4                UART2_IRQHandler
                0x000001d4                CMP0_IRQHandler
                0x000001dc                TPM0_IRQHandler
                0x000001e4                TPM1_IRQHandler
                0x000001f4                RTC_IRQHandler
                0x000001fc                RTC_Seconds_IRQHandler
                0x00000204                PIT_IRQHandler
                0x0000020c                Reserved39_IRQHandler
                0x00000214                USB0_IRQHandler
                0x0000021c                DAC0_IRQHandler
                0x00000224                TSI0_IRQHandler
                0x0000022c                MCG_IRQHandler
                0x00000234                LPTMR0_IRQHandler
                0x0000023c                Reserved45_IRQHandler
                0x00000244                PORTA_IRQHandler
                0x0000024c                PORTD_IRQHandler
                0x00000400                . = 0x400
 *fill*         0x00000254      0x1ac ff
                0x00000400                PROVIDE (__FLASH_CONFIG_START__, .)
 *(.FlashConfig)
 .FlashConfig   0x00000400       0x10 ./startup/startup_mkl25z4.o
                0x00000400                Flash_Config
                0x00000410                PROVIDE (__FLASH_CONFIG_END__, .)
                0x00000001                ASSERT (! ((__FLASH_CONFIG_START__ == __FLASH_CONFIG_END__)), Linker Flash Config Support Enabled, but no .FlashConfig section provided within application)
 *(.text*)
 .text.UART_EnableTx
                0x00000410       0x40 ./utilities/fsl_debug_console.o
 .text.UART_EnableRx
                0x00000450       0x40 ./utilities/fsl_debug_console.o
 .text.LPSCI_EnableTx
                0x00000490       0x40 ./utilities/fsl_debug_console.o
 .text.LPSCI_EnableRx
                0x000004d0       0x40 ./utilities/fsl_debug_console.o
 .text.DbgConsole_Init
                0x00000510       0xf4 ./utilities/fsl_debug_console.o
                0x00000510                DbgConsole_Init
 .text.NVIC_EnableIRQ
                0x00000604       0x2c ./source/main_P02.o
 .text.CLOCK_SetTpmClock
                0x00000630       0x38 ./source/main_P02.o
 .text.EnableIRQ
                0x00000668       0x2c ./source/main_P02.o
 .text.TPM_ClearStatusFlags
                0x00000694       0x18 ./source/main_P02.o
 .text.TPM_SetTimerPeriod
                0x000006ac       0x18 ./source/main_P02.o
 .text.TPM_StartTimer
                0x000006c4       0x3a ./source/main_P02.o
 .text.ADC16_EnableHardwareTrigger
                0x000006fe       0x3a ./source/main_P02.o
 .text.ADC16_GetChannelConversionValue
                0x00000738       0x30 ./source/main_P02.o
 .text.main     0x00000768       0x8c ./source/main_P02.o
                0x00000768                main
 .text.MAIN_P01_delay
                0x000007f4       0x38 ./source/main_P02.o
                0x000007f4                MAIN_P01_delay
 .text.MAIN_P01_Set_GPIO
                0x0000082c       0x46 ./source/main_P02.o
                0x0000082c                MAIN_P01_Set_GPIO
 *fill*         0x00000872        0x2 ff
 .text.MAIN_P01_MultiplexarYEscribir
                0x00000874      0x128 ./source/main_P02.o
                0x00000874                MAIN_P01_MultiplexarYEscribir
 .text.MAIN_P01_CheckForGPIOx
                0x0000099c       0x1c ./source/main_P02.o
                0x0000099c                MAIN_P01_CheckForGPIOx
 .text.MAIN_P02_timerConfiguration
                0x000009b8       0x94 ./source/main_P02.o
                0x000009b8                MAIN_P02_timerConfiguration
 .text.TPM2_IRQHandler
                0x00000a4c       0x28 ./source/main_P02.o
                0x00000a4c                TPM2_IRQHandler
 .text.MAIN_P02_MODO01
                0x00000a74       0x5c ./source/main_P02.o
                0x00000a74                MAIN_P02_MODO01
 .text.MAIN_P02_MODO02
                0x00000ad0       0x5c ./source/main_P02.o
                0x00000ad0                MAIN_P02_MODO02
 .text.MAIN_P02_MODO03
                0x00000b2c       0x18 ./source/main_P02.o
                0x00000b2c                MAIN_P02_MODO03
 .text.MAIN_P02_MODECHANGER
                0x00000b44      0x130 ./source/main_P02.o
                0x00000b44                MAIN_P02_MODECHANGER
 .text.MAIN_P02_incrementHandler
                0x00000c74       0x64 ./source/main_P02.o
 .text.MAIN_P02_decrementHandler
                0x00000cd8       0x6c ./source/main_P02.o
 .text.ADC0_IRQHandler
                0x00000d44       0x2c ./source/main_P02.o
                0x00000d44                ADC0_IRQHandler
 .text.MAIN_P02_ADCConfiguration
                0x00000d70       0x4c ./source/main_P02.o
                0x00000d70                MAIN_P02_ADCConfiguration
 .text.MAIN_P02_SetADContoDisplay
                0x00000dbc      0x118 ./source/main_P02.o
                0x00000dbc                MAIN_P02_SetADContoDisplay
 .text.MAIN_P02_incrementPressed
                0x00000ed4       0x20 ./source/main_P02.o
                0x00000ed4                MAIN_P02_incrementPressed
 .text.MAIN_P02_decrementPressed
                0x00000ef4       0x20 ./source/main_P02.o
                0x00000ef4                MAIN_P02_decrementPressed
 .text.MAIN_P02_resetPressed
                0x00000f14       0x20 ./source/main_P02.o
                0x00000f14                MAIN_P02_resetPressed
 .text.HardFault_Handler
                0x00000f34       0x2c ./source/semihost_hardfault.o
                0x00000f34                HardFault_Handler
 .text.CLOCK_EnableClock
                0x00000f60       0x38 ./drivers/fsl_adc16.o
 .text.ADC16_GetInstance
                0x00000f98       0x48 ./drivers/fsl_adc16.o
 .text.ADC16_Init
                0x00000fe0      0x114 ./drivers/fsl_adc16.o
                0x00000fe0                ADC16_Init
 .text.ADC16_GetDefaultConfig
                0x000010f4       0x58 ./drivers/fsl_adc16.o
                0x000010f4                ADC16_GetDefaultConfig
 .text.ADC16_SetChannelConfig
                0x0000114c       0x6c ./drivers/fsl_adc16.o
                0x0000114c                ADC16_SetChannelConfig
 .text.CLOCK_SetEr32kClock
                0x000011b8       0x30 ./drivers/fsl_clock.o
 .text.CLOCK_SetPllFllSelClock
                0x000011e8       0x38 ./drivers/fsl_clock.o
 .text.OSC_SetExtRefClkConfig
                0x00001220       0x48 ./drivers/fsl_clock.o
 .text.OSC_SetCapLoad
                0x00001268       0x4c ./drivers/fsl_clock.o
 .text.CLOCK_GetMcgExtClkFreq
                0x000012b4       0x28 ./drivers/fsl_clock.o
 .text.CLOCK_GetFllExtRefClkFreq
                0x000012dc       0xa4 ./drivers/fsl_clock.o
 .text.CLOCK_GetInternalRefClkSelectFreq
                0x00001380       0x40 ./drivers/fsl_clock.o
 .text.CLOCK_GetFllRefClkFreq
                0x000013c0       0x2c ./drivers/fsl_clock.o
 .text.CLOCK_GetPll0RefFreq
                0x000013ec       0x10 ./drivers/fsl_clock.o
 .text.CLOCK_GetOscRangeFromFreq
                0x000013fc       0x4c ./drivers/fsl_clock.o
 .text.CLOCK_GetOsc0ErClkFreq
                0x00001448       0x3c ./drivers/fsl_clock.o
                0x00001448                CLOCK_GetOsc0ErClkFreq
 .text.CLOCK_GetEr32kClkFreq
                0x00001484       0x74 ./drivers/fsl_clock.o
                0x00001484                CLOCK_GetEr32kClkFreq
 .text.CLOCK_GetPllFllSelClkFreq
                0x000014f8       0x4c ./drivers/fsl_clock.o
                0x000014f8                CLOCK_GetPllFllSelClkFreq
 .text.CLOCK_GetFreq
                0x00001544       0xe0 ./drivers/fsl_clock.o
                0x00001544                CLOCK_GetFreq
 .text.CLOCK_SetSimConfig
                0x00001624       0x38 ./drivers/fsl_clock.o
                0x00001624                CLOCK_SetSimConfig
 .text.CLOCK_GetOutClkFreq
                0x0000165c       0x60 ./drivers/fsl_clock.o
                0x0000165c                CLOCK_GetOutClkFreq
 .text.CLOCK_GetFllFreq
                0x000016bc       0x84 ./drivers/fsl_clock.o
                0x000016bc                CLOCK_GetFllFreq
 .text.CLOCK_GetInternalRefClkFreq
                0x00001740       0x28 ./drivers/fsl_clock.o
                0x00001740                CLOCK_GetInternalRefClkFreq
 .text.CLOCK_GetFixedFreqClkFreq
                0x00001768       0x30 ./drivers/fsl_clock.o
                0x00001768                CLOCK_GetFixedFreqClkFreq
 .text.CLOCK_GetPll0Freq
                0x00001798       0x70 ./drivers/fsl_clock.o
                0x00001798                CLOCK_GetPll0Freq
 .text.CLOCK_SetExternalRefClkConfig
                0x00001808       0x16 ./drivers/fsl_clock.o
                0x00001808                CLOCK_SetExternalRefClkConfig
 *fill*         0x0000181e        0x2 ff
 .text.CLOCK_SetInternalRefClkConfig
                0x00001820      0x128 ./drivers/fsl_clock.o
                0x00001820                CLOCK_SetInternalRefClkConfig
 .text.CLOCK_EnablePll0
                0x00001948       0x98 ./drivers/fsl_clock.o
                0x00001948                CLOCK_EnablePll0
 .text.CLOCK_InitOsc0
                0x000019e0       0x98 ./drivers/fsl_clock.o
                0x000019e0                CLOCK_InitOsc0
 .text.CLOCK_SetPbeMode
                0x00001a78       0xb0 ./drivers/fsl_clock.o
                0x00001a78                CLOCK_SetPbeMode
 .text.CLOCK_BootToPeeMode
                0x00001b28       0x70 ./drivers/fsl_clock.o
                0x00001b28                CLOCK_BootToPeeMode
 .text.CLOCK_EnableClock
                0x00001b98       0x38 ./drivers/fsl_lpsci.o
 .text.LPSCI_GetInstance
                0x00001bd0       0x48 ./drivers/fsl_lpsci.o
                0x00001bd0                LPSCI_GetInstance
 .text.LPSCI_Init
                0x00001c18      0x270 ./drivers/fsl_lpsci.o
                0x00001c18                LPSCI_Init
 .text.LPSCI_GetDefaultConfig
                0x00001e88       0x44 ./drivers/fsl_lpsci.o
                0x00001e88                LPSCI_GetDefaultConfig
 .text.LPSCI_GetStatusFlags
                0x00001ecc       0x26 ./drivers/fsl_lpsci.o
                0x00001ecc                LPSCI_GetStatusFlags
 *fill*         0x00001ef2        0x2 ff
 .text.LPSCI_ClearStatusFlags
                0x00001ef4       0x98 ./drivers/fsl_lpsci.o
                0x00001ef4                LPSCI_ClearStatusFlags
 .text.LPSCI_WriteBlocking
                0x00001f8c       0x4c ./drivers/fsl_lpsci.o
                0x00001f8c                LPSCI_WriteBlocking
 .text.LPSCI_ReadBlocking
                0x00001fd8       0xc0 ./drivers/fsl_lpsci.o
                0x00001fd8                LPSCI_ReadBlocking
 .text.UART0_DriverIRQHandler
                0x00002098       0x24 ./drivers/fsl_lpsci.o
                0x00002098                UART0_DriverIRQHandler
 .text.CLOCK_EnableClock
                0x000020bc       0x38 ./drivers/fsl_tpm.o
 .text.TPM_GetInstance
                0x000020f4       0x54 ./drivers/fsl_tpm.o
 .text.TPM_Init
                0x00002148       0xd0 ./drivers/fsl_tpm.o
                0x00002148                TPM_Init
 .text.TPM_GetDefaultConfig
                0x00002218       0x54 ./drivers/fsl_tpm.o
                0x00002218                TPM_GetDefaultConfig
 .text.TPM_EnableInterrupts
                0x0000226c       0x84 ./drivers/fsl_tpm.o
                0x0000226c                TPM_EnableInterrupts
 .text.CLOCK_EnableClock
                0x000022f0       0x38 ./drivers/fsl_uart.o
 .text.UART_GetInstance
                0x00002328       0x54 ./drivers/fsl_uart.o
                0x00002328                UART_GetInstance
 .text.UART_Init
                0x0000237c      0x1fc ./drivers/fsl_uart.o
                0x0000237c                UART_Init
 .text.UART_GetDefaultConfig
                0x00002578       0x44 ./drivers/fsl_uart.o
                0x00002578                UART_GetDefaultConfig
 .text.UART_GetStatusFlags
                0x000025bc       0x26 ./drivers/fsl_uart.o
                0x000025bc                UART_GetStatusFlags
 .text.UART_WriteBlocking
                0x000025e2       0x3a ./drivers/fsl_uart.o
                0x000025e2                UART_WriteBlocking
 .text.UART_ReadBlocking
                0x0000261c       0x98 ./drivers/fsl_uart.o
                0x0000261c                UART_ReadBlocking
 .text.UART1_DriverIRQHandler
                0x000026b4       0x24 ./drivers/fsl_uart.o
                0x000026b4                UART1_DriverIRQHandler
 .text.UART2_DriverIRQHandler
                0x000026d8       0x24 ./drivers/fsl_uart.o
                0x000026d8                UART2_DriverIRQHandler
 .text.CLOCK_SetLpsci0Clock
                0x000026fc       0x38 ./board/board.o
 .text.BOARD_InitDebugConsole
                0x00002734       0x30 ./board/board.o
                0x00002734                BOARD_InitDebugConsole
 .text.CLOCK_SetSimSafeDivs
                0x00002764       0x20 ./board/clock_config.o
 .text.CLOCK_SetXtal0Freq
                0x00002784       0x1c ./board/clock_config.o
 .text.CLOCK_CONFIG_SetFllExtRefDiv
                0x000027a0       0x3c ./board/clock_config.o
 .text.BOARD_BootClockRUN
                0x000027dc       0x64 ./board/clock_config.o
                0x000027dc                BOARD_BootClockRUN
 .text.CLOCK_EnableClock
                0x00002840       0x38 ./board/pin_mux.o
 .text.PORT_SetPinMux
                0x00002878       0x40 ./board/pin_mux.o
 .text.BOARD_InitPins
                0x000028b8      0x13c ./board/pin_mux.o
                0x000028b8                BOARD_InitPins
 .text.SystemInit
                0x000029f4       0x18 ./CMSIS/system_MKL25Z4.o
                0x000029f4                SystemInit
 .text.__main   0x00002a0c        0xc c:/nxp/mcuxpressoide_10.1.1_606/ide/tools/bin/../lib/gcc/arm-none-eabi/6.3.1/../../../../arm-none-eabi/lib/thumb/v6-m\libcr_semihost_nf.a(_cr__main.o)
                0x00002a0c                __CR_SEMIHOST
                0x00002a0c                __main
 .text.__assertion_failed
                0x00002a18       0x4c c:/nxp/mcuxpressoide_10.1.1_606/ide/tools/bin/../lib/gcc/arm-none-eabi/6.3.1/../../../../arm-none-eabi/lib/thumb/v6-m\libcr_semihost_nf.a(_cr_assert.o)
                0x00002a18                __assertion_failed
 .text.__sys_appexit
                0x00002a64        0xc c:/nxp/mcuxpressoide_10.1.1_606/ide/tools/bin/../lib/gcc/arm-none-eabi/6.3.1/../../../../arm-none-eabi/lib/thumb/v6-m\libcr_semihost_nf.a(__sys_appexit.o)
                0x00002a64                __sys_appexit
                0x00002a64                __exit
 .text.memset   0x00002a70        0x8 c:/nxp/mcuxpressoide_10.1.1_606/ide/tools/bin/../lib/gcc/arm-none-eabi/6.3.1/../../../../arm-none-eabi/lib/thumb/v6-m\libcr_c.a(memset.o)
                0x00002a70                memset
 .text._deferredlazyseek
                0x00002a78       0x40 c:/nxp/mcuxpressoide_10.1.1_606/ide/tools/bin/../lib/gcc/arm-none-eabi/6.3.1/../../../../arm-none-eabi/lib/thumb/v6-m\libcr_c.a(_deferredlazyseek.o)
                0x00002a78                _deferredlazyseek
 .text.__flsbuf
                0x00002ab8      0x150 c:/nxp/mcuxpressoide_10.1.1_606/ide/tools/bin/../lib/gcc/arm-none-eabi/6.3.1/../../../../arm-none-eabi/lib/thumb/v6-m\libcr_c.a(_deferredlazyseek.o)
                0x00002ab8                __flsbuf
 .text._fflush  0x00002c08       0x5c c:/nxp/mcuxpressoide_10.1.1_606/ide/tools/bin/../lib/gcc/arm-none-eabi/6.3.1/../../../../arm-none-eabi/lib/thumb/v6-m\libcr_c.a(_fflush.o)
                0x00002c08                _fflush
 .text._Cwritebuf
                0x00002c64       0x68 c:/nxp/mcuxpressoide_10.1.1_606/ide/tools/bin/../lib/gcc/arm-none-eabi/6.3.1/../../../../arm-none-eabi/lib/thumb/v6-m\libcr_c.a(_writebuf.o)
                0x00002c64                _Cwritebuf
 .text.malloc   0x00002ccc       0xcc c:/nxp/mcuxpressoide_10.1.1_606/ide/tools/bin/../lib/gcc/arm-none-eabi/6.3.1/../../../../arm-none-eabi/lib/thumb/v6-m\libcr_c.a(alloc.o)
                0x00002ccc                malloc
 .text.free     0x00002d98       0x2c c:/nxp/mcuxpressoide_10.1.1_606/ide/tools/bin/../lib/gcc/arm-none-eabi/6.3.1/../../../../arm-none-eabi/lib/thumb/v6-m\libcr_c.a(alloc.o)
                0x00002d98                free
 .text._Csys_alloc
                0x00002dc4       0x20 c:/nxp/mcuxpressoide_10.1.1_606/ide/tools/bin/../lib/gcc/arm-none-eabi/6.3.1/../../../../arm-none-eabi/lib/thumb/v6-m\libcr_c.a(alloc.o)
                0x00002dc4                _Csys_alloc
 .text.fputs    0x00002de4       0x2e c:/nxp/mcuxpressoide_10.1.1_606/ide/tools/bin/../lib/gcc/arm-none-eabi/6.3.1/../../../../arm-none-eabi/lib/thumb/v6-m\libcr_c.a(fputs.o)
                0x00002de4                fputs
 *fill*         0x00002e12        0x2 ff
 .text.fseek    0x00002e14       0xf0 c:/nxp/mcuxpressoide_10.1.1_606/ide/tools/bin/../lib/gcc/arm-none-eabi/6.3.1/../../../../arm-none-eabi/lib/thumb/v6-m\libcr_c.a(fseek.o)
                0x00002e14                fseek
 .text.ftell    0x00002f04       0x48 c:/nxp/mcuxpressoide_10.1.1_606/ide/tools/bin/../lib/gcc/arm-none-eabi/6.3.1/../../../../arm-none-eabi/lib/thumb/v6-m\libcr_c.a(ftell.o)
                0x00002f04                ftell
 .text._initio  0x00002f4c       0x7c c:/nxp/mcuxpressoide_10.1.1_606/ide/tools/bin/../lib/gcc/arm-none-eabi/6.3.1/../../../../arm-none-eabi/lib/thumb/v6-m\libcr_c.a(initio.o)
                0x00002f4c                _initio
 .text.setvbuf  0x00002fc8       0x48 c:/nxp/mcuxpressoide_10.1.1_606/ide/tools/bin/../lib/gcc/arm-none-eabi/6.3.1/../../../../arm-none-eabi/lib/thumb/v6-m\libcr_c.a(setvbuf.o)
                0x00002fc8                setvbuf
 .text._sbrk    0x00003010       0x40 c:/nxp/mcuxpressoide_10.1.1_606/ide/tools/bin/../lib/gcc/arm-none-eabi/6.3.1/../../../../arm-none-eabi/lib/thumb/v6-m\libcr_c.a(_cr_sbrk.o)
                0x00003010                _sbrk
 .text._fdopen  0x00003050       0x74 c:/nxp/mcuxpressoide_10.1.1_606/ide/tools/bin/../lib/gcc/arm-none-eabi/6.3.1/../../../../arm-none-eabi/lib/thumb/v6-m\libcr_c.a(_fdopen.o)
                0x00003050                _fdopen
 .text.fclose   0x000030c4       0x5c c:/nxp/mcuxpressoide_10.1.1_606/ide/tools/bin/../lib/gcc/arm-none-eabi/6.3.1/../../../../arm-none-eabi/lib/thumb/v6-m\libcr_c.a(fclose.o)
                0x000030c4                fclose
 .text.fflush   0x00003120       0x44 c:/nxp/mcuxpressoide_10.1.1_606/ide/tools/bin/../lib/gcc/arm-none-eabi/6.3.1/../../../../arm-none-eabi/lib/thumb/v6-m\libcr_c.a(fflush.o)
                0x00003120                fflush
 .text.remove   0x00003164       0x12 c:/nxp/mcuxpressoide_10.1.1_606/ide/tools/bin/../lib/gcc/arm-none-eabi/6.3.1/../../../../arm-none-eabi/lib/thumb/v6-m\libcr_c.a(remove.o)
                0x00003164                remove
 *fill*         0x00003176        0x2 ff
 .text.strlen   0x00003178       0x58 c:/nxp/mcuxpressoide_10.1.1_606/ide/tools/bin/../lib/gcc/arm-none-eabi/6.3.1/../../../../arm-none-eabi/lib/thumb/v6-m\libcr_c.a(strlen.o)
                0x00003178                strlen
 .text.__check_heap_overflow
                0x000031d0       0x18 c:/nxp/mcuxpressoide_10.1.1_606/ide/tools/bin/../lib/gcc/arm-none-eabi/6.3.1/../../../../arm-none-eabi/lib/thumb/v6-m\libcr_c.a(_cr_check_heap.o)
                0x000031d0                __check_heap_overflow
 .text._do_fflush
                0x000031e8       0x44 c:/nxp/mcuxpressoide_10.1.1_606/ide/tools/bin/../lib/gcc/arm-none-eabi/6.3.1/../../../../arm-none-eabi/lib/thumb/v6-m\libcr_c.a(_do_fflush.o)
                0x000031e8                _do_fflush
 .text.__aeabi_division_idivmod
                0x0000322c       0x78 c:/nxp/mcuxpressoide_10.1.1_606/ide/tools/bin/../lib/gcc/arm-none-eabi/6.3.1/thumb/v6-m\libcr_eabihelpers.a(division_32.o)
                0x0000322c                __aeabi_idivmod
                0x0000322c                __aeabi_idiv
                0x00003232                __aeabi_uidivmod
                0x00003232                __aeabi_uidiv
 .text.__aeabi_division_uldivmod
                0x000032a4       0x5a c:/nxp/mcuxpressoide_10.1.1_606/ide/tools/bin/../lib/gcc/arm-none-eabi/6.3.1/thumb/v6-m\libcr_eabihelpers.a(division_64.o)
                0x000032a4                __aeabi_uldivmod
 .text.__aeabi_division_idiv0
                0x000032fe        0x2 c:/nxp/mcuxpressoide_10.1.1_606/ide/tools/bin/../lib/gcc/arm-none-eabi/6.3.1/thumb/v6-m\libcr_eabihelpers.a(division_idiv0.o)
                0x000032fe                __aeabi_idiv0
 .text.__aeabi_fmul
                0x00003300       0xc4 c:/nxp/mcuxpressoide_10.1.1_606/ide/tools/bin/../lib/gcc/arm-none-eabi/6.3.1/thumb/v6-m\libcr_eabihelpers.a(float.o)
                0x00003300                __aeabi_fmul
 .text.__aeabi_fsub
                0x000033c4      0x12c c:/nxp/mcuxpressoide_10.1.1_606/ide/tools/bin/../lib/gcc/arm-none-eabi/6.3.1/thumb/v6-m\libcr_eabihelpers.a(float.o)
                0x000033c4                __aeabi_fsub
 .text.__aeabi_fadd
                0x000034f0       0xb4 c:/nxp/mcuxpressoide_10.1.1_606/ide/tools/bin/../lib/gcc/arm-none-eabi/6.3.1/thumb/v6-m\libcr_eabihelpers.a(float.o)
                0x000034f0                __aeabi_fadd
 .text.__aeabi_f2uiz
                0x000035a4       0x2a c:/nxp/mcuxpressoide_10.1.1_606/ide/tools/bin/../lib/gcc/arm-none-eabi/6.3.1/thumb/v6-m\libcr_eabihelpers.a(float.o)
                0x000035a4                __aeabi_f2uiz
 .text.__bhs_ui2f
                0x000035ce       0x62 c:/nxp/mcuxpressoide_10.1.1_606/ide/tools/bin/../lib/gcc/arm-none-eabi/6.3.1/thumb/v6-m\libcr_eabihelpers.a(float.o)
                0x000035ce                __bhs_ui2f
 .text.__aeabi_i2f
                0x00003630       0x18 c:/nxp/mcuxpressoide_10.1.1_606/ide/tools/bin/../lib/gcc/arm-none-eabi/6.3.1/thumb/v6-m\libcr_eabihelpers.a(float.o)
                0x00003630                __aeabi_i2f
 .text.__aeabi_ui2f
                0x00003648        0xc c:/nxp/mcuxpressoide_10.1.1_606/ide/tools/bin/../lib/gcc/arm-none-eabi/6.3.1/thumb/v6-m\libcr_eabihelpers.a(float.o)
                0x00003648                __aeabi_ui2f
 .text.__aeabi_llong_lmul
                0x00003654       0x2e c:/nxp/mcuxpressoide_10.1.1_606/ide/tools/bin/../lib/gcc/arm-none-eabi/6.3.1/thumb/v6-m\libcr_eabihelpers.a(llong.o)
                0x00003654                __aeabi_lmul
 .text.__aeabi_memset_lowlevel
                0x00003682       0x2a c:/nxp/mcuxpressoide_10.1.1_606/ide/tools/bin/../lib/gcc/arm-none-eabi/6.3.1/thumb/v6-m\libcr_eabihelpers.a(memcpy.o)
                0x00003682                __aeabi_lowlevel_memset
 .text.__sys_close
                0x000036ac        0xc c:/nxp/mcuxpressoide_10.1.1_606/ide/tools/bin/../lib/gcc/arm-none-eabi/6.3.1/../../../../arm-none-eabi/lib/thumb/v6-m\libcr_semihost_nf.a(__sys_close.o)
                0x000036ac                __sys_close
 .text.__sys_flen
                0x000036b8        0xc c:/nxp/mcuxpressoide_10.1.1_606/ide/tools/bin/../lib/gcc/arm-none-eabi/6.3.1/../../../../arm-none-eabi/lib/thumb/v6-m\libcr_semihost_nf.a(__sys_flen.o)
                0x000036b8                __sys_flen
 .text.__sys_istty
                0x000036c4        0xc c:/nxp/mcuxpressoide_10.1.1_606/ide/tools/bin/../lib/gcc/arm-none-eabi/6.3.1/../../../../arm-none-eabi/lib/thumb/v6-m\libcr_semihost_nf.a(__sys_istty.o)
                0x000036c4                __sys_istty
 .text.__sys_remove
                0x000036d0        0xc c:/nxp/mcuxpressoide_10.1.1_606/ide/tools/bin/../lib/gcc/arm-none-eabi/6.3.1/../../../../arm-none-eabi/lib/thumb/v6-m\libcr_semihost_nf.a(__sys_remove.o)
                0x000036d0                __sys_remove
 .text.__sys_seek
                0x000036dc        0xc c:/nxp/mcuxpressoide_10.1.1_606/ide/tools/bin/../lib/gcc/arm-none-eabi/6.3.1/../../../../arm-none-eabi/lib/thumb/v6-m\libcr_semihost_nf.a(__sys_seek.o)
                0x000036dc                __sys_seek
 .text.__sys_tmpnam
                0x000036e8        0xc c:/nxp/mcuxpressoide_10.1.1_606/ide/tools/bin/../lib/gcc/arm-none-eabi/6.3.1/../../../../arm-none-eabi/lib/thumb/v6-m\libcr_semihost_nf.a(__sys_tmpnam.o)
                0x000036e8                __sys_tmpnam
 .text.__sys_write
                0x000036f4        0xc c:/nxp/mcuxpressoide_10.1.1_606/ide/tools/bin/../lib/gcc/arm-none-eabi/6.3.1/../../../../arm-none-eabi/lib/thumb/v6-m\libcr_semihost_nf.a(__sys_write.o)
                0x000036f4                __sys_write
 *(.rodata .rodata.* .constdata .constdata.*)
 .rodata        0x00003700       0x62 ./source/main_P02.o
 *fill*         0x00003762        0x2 ff
 .rodata        0x00003764      0x13a ./drivers/fsl_adc16.o
 *fill*         0x0000389e        0x2 ff
 .rodata        0x000038a0      0x11d ./drivers/fsl_clock.o
 *fill*         0x000039bd        0x3 ff
 .rodata.CLOCK_GetFreq
                0x000039c0       0x38 ./drivers/fsl_clock.o
 .rodata.fllFactorTable.5202
                0x000039f8       0x10 ./drivers/fsl_clock.o
 .rodata        0x00003a08      0x48c ./drivers/fsl_lpsci.o
 .rodata.s_tpmBases
                0x00003e94        0xc ./drivers/fsl_tpm.o
 .rodata.s_tpmClocks
                0x00003ea0        0xc ./drivers/fsl_tpm.o
 .rodata        0x00003eac      0x287 ./drivers/fsl_tpm.o
 *fill*         0x00004133        0x1 ff
 .rodata.s_uartBases
                0x00004134        0xc ./drivers/fsl_uart.o
 .rodata.s_uartClock
                0x00004140        0xc ./drivers/fsl_uart.o
 .rodata        0x0000414c      0x45b ./drivers/fsl_uart.o
 *fill*         0x000045a7        0x1 ff
 .rodata.mcgConfig_BOARD_BootClockRUN
                0x000045a8        0xa ./board/clock_config.o
                0x000045a8                mcgConfig_BOARD_BootClockRUN
 *fill*         0x000045b2        0x2 ff
 .rodata.simConfig_BOARD_BootClockRUN
                0x000045b4        0x8 ./board/clock_config.o
                0x000045b4                simConfig_BOARD_BootClockRUN
 .rodata.oscConfig_BOARD_BootClockRUN
                0x000045bc        0x8 ./board/clock_config.o
                0x000045bc                oscConfig_BOARD_BootClockRUN
 .rodata.__assertion_failed.str1.1
                0x000045c4       0x15 c:/nxp/mcuxpressoide_10.1.1_606/ide/tools/bin/../lib/gcc/arm-none-eabi/6.3.1/../../../../arm-none-eabi/lib/thumb/v6-m\libcr_semihost_nf.a(_cr_assert.o)
 *fill*         0x000045d9        0x3 ff
 .rodata.__num_Ciob_streams
                0x000045dc        0x4 c:/nxp/mcuxpressoide_10.1.1_606/ide/tools/bin/../lib/gcc/arm-none-eabi/6.3.1/../../../../arm-none-eabi/lib/thumb/v6-m\libcr_semihost_nf.a(__ciob.o)
                0x000045dc                __num_Ciob_streams
 .rodata._Csys_alloc.str1.1
                0x000045e0       0x18 c:/nxp/mcuxpressoide_10.1.1_606/ide/tools/bin/../lib/gcc/arm-none-eabi/6.3.1/../../../../arm-none-eabi/lib/thumb/v6-m\libcr_c.a(alloc.o)
 .rodata._initio.str1.1
                0x000045f8        0x4 c:/nxp/mcuxpressoide_10.1.1_606/ide/tools/bin/../lib/gcc/arm-none-eabi/6.3.1/../../../../arm-none-eabi/lib/thumb/v6-m\libcr_c.a(initio.o)
                0x000045fc                . = ALIGN (0x4)

.glue_7         0x000045fc        0x0
 .glue_7        0x000045fc        0x0 linker stubs

.glue_7t        0x000045fc        0x0
 .glue_7t       0x000045fc        0x0 linker stubs

.vfp11_veneer   0x000045fc        0x0
 .vfp11_veneer  0x000045fc        0x0 linker stubs

.v4_bx          0x000045fc        0x0
 .v4_bx         0x000045fc        0x0 linker stubs

.iplt           0x000045fc        0x0
 .iplt          0x000045fc        0x0 ./utilities/fsl_debug_console.o

.rel.dyn        0x000045fc        0x0
 .rel.iplt      0x000045fc        0x0 ./utilities/fsl_debug_console.o

.ARM.extab
 *(.ARM.extab* .gnu.linkonce.armextab.*)
                0x000045fc                __exidx_start = .

.ARM.exidx
 *(.ARM.exidx* .gnu.linkonce.armexidx.*)
                0x000045fc                __exidx_end = .
                0x000045fc                _etext = .

.m_usb_data
 *(m_usb_bdt)

.mtb_buffer_default
                0x1ffff000       0x80
 *(.mtb*)
 .mtb.$RAM1     0x1ffff000       0x80 ./source/mtb.o
                0x1ffff000                __mtb_buffer__

.uninit_RESERVED
                0x1ffff080        0x0
 *(.bss.$RESERVED*)
                0x1ffff080                . = ALIGN (0x4)
                0x1ffff080                _end_uninit_RESERVED = .

.data           0x1ffff080       0x18 load address 0x000045fc
 FILL mask 0xff
                0x1ffff080                _data = .
 *(vtable)
 *(.ramfunc*)
 *(.data*)
 .data.rauw_digito
                0x1ffff080        0xa ./source/main_P02.o
                0x1ffff080                rauw_digito
 .data.rub_Modo
                0x1ffff08a        0x1 ./source/main_P02.o
                0x1ffff08a                rub_Modo
 *fill*         0x1ffff08b        0x1 ff
 .data.s_slowIrcFreq
                0x1ffff08c        0x4 ./drivers/fsl_clock.o
 .data.s_fastIrcFreq
                0x1ffff090        0x4 ./drivers/fsl_clock.o
 .data.SystemCoreClock
                0x1ffff094        0x4 ./CMSIS/system_MKL25Z4.o
                0x1ffff094                SystemCoreClock
                0x1ffff098                . = ALIGN (0x4)
                0x1ffff098                _edata = .

.igot.plt       0x1ffff098        0x0 load address 0x00004614
 .igot.plt      0x1ffff098        0x0 ./utilities/fsl_debug_console.o

.bss            0x1ffff098      0x124 load address 0x00004614
                0x1ffff098                _bss = .
 *(.bss*)
 .bss.s_debugConsole
                0x1ffff098       0x10 ./utilities/fsl_debug_console.o
 .bss.rub_posUnidades
                0x1ffff0a8        0x1 ./source/main_P02.o
                0x1ffff0a8                rub_posUnidades
 .bss.rub_posDecenas
                0x1ffff0a9        0x1 ./source/main_P02.o
                0x1ffff0a9                rub_posDecenas
 .bss.rub_posCentenas
                0x1ffff0aa        0x1 ./source/main_P02.o
                0x1ffff0aa                rub_posCentenas
 .bss.rub_pressed
                0x1ffff0ab        0x1 ./source/main_P02.o
                0x1ffff0ab                rub_pressed
 .bss.rub_GPIOBstatus
                0x1ffff0ac        0x1 ./source/main_P02.o
                0x1ffff0ac                rub_GPIOBstatus
 *fill*         0x1ffff0ad        0x1 
 .bss.lub_vecesPressed
                0x1ffff0ae        0x2 ./source/main_P02.o
                0x1ffff0ae                lub_vecesPressed
 .bss.cnt       0x1ffff0b0        0x4 ./source/main_P02.o
                0x1ffff0b0                cnt
 .bss.tpmInfo   0x1ffff0b4        0x8 ./source/main_P02.o
                0x1ffff0b4                tpmInfo
 .bss.tpmIsrFlag
                0x1ffff0bc        0x1 ./source/main_P02.o
                0x1ffff0bc                tpmIsrFlag
 *fill*         0x1ffff0bd        0x3 
 .bss.milisecondCounts
                0x1ffff0c0        0x4 ./source/main_P02.o
                0x1ffff0c0                milisecondCounts
 .bss.g_Adc16ConversionDoneFlag
                0x1ffff0c4        0x1 ./source/main_P02.o
                0x1ffff0c4                g_Adc16ConversionDoneFlag
 *fill*         0x1ffff0c5        0x3 
 .bss.g_Adc16ConversionValue
                0x1ffff0c8        0x4 ./source/main_P02.o
                0x1ffff0c8                g_Adc16ConversionValue
 .bss.rul_ADCVoltage
                0x1ffff0cc        0x4 ./source/main_P02.o
                0x1ffff0cc                rul_ADCVoltage
 .bss.adc16ChannelConfigStruct
                0x1ffff0d0        0x8 ./source/main_P02.o
                0x1ffff0d0                adc16ChannelConfigStruct
 .bss.memory.5729
                0x1ffff0d8        0x2 ./source/main_P02.o
 *fill*         0x1ffff0da        0x2 
 .bss.g_xtal0Freq
                0x1ffff0dc        0x4 ./drivers/fsl_clock.o
                0x1ffff0dc                g_xtal0Freq
 .bss.g_xtal32Freq
                0x1ffff0e0        0x4 ./drivers/fsl_clock.o
                0x1ffff0e0                g_xtal32Freq
 .bss.s_lpsciHandle
                0x1ffff0e4        0x4 ./drivers/fsl_lpsci.o
 .bss.s_lpsciIsr
                0x1ffff0e8        0x4 ./drivers/fsl_lpsci.o
 .bss.s_uartHandle
                0x1ffff0ec        0xc ./drivers/fsl_uart.o
 .bss.s_uartIsr
                0x1ffff0f8        0x4 ./drivers/fsl_uart.o
 .bss.__Ciob    0x1ffff0fc       0xb4 c:/nxp/mcuxpressoide_10.1.1_606/ide/tools/bin/../lib/gcc/arm-none-eabi/6.3.1/../../../../arm-none-eabi/lib/thumb/v6-m\libcr_semihost_nf.a(__ciob.o)
                0x1ffff0fc                __Ciob
 .bss.__end_of_heap
                0x1ffff1b0        0x4 c:/nxp/mcuxpressoide_10.1.1_606/ide/tools/bin/../lib/gcc/arm-none-eabi/6.3.1/../../../../arm-none-eabi/lib/thumb/v6-m\libcr_c.a(__init_alloc.o)
                0x1ffff1b0                __end_of_heap
 .bss.__heaps   0x1ffff1b4        0x4 c:/nxp/mcuxpressoide_10.1.1_606/ide/tools/bin/../lib/gcc/arm-none-eabi/6.3.1/../../../../arm-none-eabi/lib/thumb/v6-m\libcr_c.a(__init_alloc.o)
                0x1ffff1b4                __heaps
 .bss.errno     0x1ffff1b8        0x4 c:/nxp/mcuxpressoide_10.1.1_606/ide/tools/bin/../lib/gcc/arm-none-eabi/6.3.1/../../../../arm-none-eabi/lib/thumb/v6-m\libcr_c.a(errno.o)
                0x1ffff1b8                errno
 *(COMMON)
                0x1ffff1bc                . = ALIGN (0x4)
                0x1ffff1bc                _ebss = .
                [!provide]                PROVIDE (end, .)

.noinit         0x1ffff1bc        0x0 load address 0x00004614
                0x1ffff1bc                _noinit = .
 *(.noinit*)
                0x1ffff1bc                . = ALIGN (0x4)
                0x1ffff1bc                _end_noinit = .
                0x00000400                _HeapSize = 0x400

.heap           0x1ffff1bc      0x400 load address 0x00004614
                0x1ffff1bc                _pvHeapStart = .
                0x1ffff5bc                . = (. + _HeapSize)
 *fill*         0x1ffff1bc      0x400 
                0x1ffff5bc                . = ALIGN (0x4)
                0x1ffff5bc                _pvHeapLimit = .
                0x00000400                _StackSize = 0x400

.heap2stackfill
                0x1ffff5bc      0x400 load address 0x00004614
                0x1ffff9bc                . = (. + _StackSize)
 *fill*         0x1ffff5bc      0x400 

.stack          0x20002c00        0x0
                0x20002c00                _vStackBase = .
                0x20002c00                . = ALIGN (0x4)
                0x20003000                _vStackTop = (. + _StackSize)
                0x00000000                _image_start = LOADADDR (.text)
                0x00004614                _image_end = (LOADADDR (.data) + SIZEOF (.data))
                0x00004614                _image_size = (_image_end - _image_start)
OUTPUT(Practica02.axf elf32-littlearm)

.debug_info     0x00000000     0x986b
 .debug_info    0x00000000      0x95d ./utilities/fsl_debug_console.o
 .debug_info    0x0000095d      0x49e ./startup/startup_mkl25z4.o
 .debug_info    0x00000dfb     0x169a ./source/main_P02.o
 .debug_info    0x00002495       0x4d ./source/mtb.o
 .debug_info    0x000024e2       0x37 ./source/semihost_hardfault.o
 .debug_info    0x00002519      0xc10 ./drivers/fsl_adc16.o
 .debug_info    0x00003129     0x194f ./drivers/fsl_clock.o
 .debug_info    0x00004a78     0x1385 ./drivers/fsl_lpsci.o
 .debug_info    0x00005dfd      0xbf0 ./drivers/fsl_tpm.o
 .debug_info    0x000069ed     0x132f ./drivers/fsl_uart.o
 .debug_info    0x00007d1c      0x793 ./board/board.o
 .debug_info    0x000084af      0xa61 ./board/clock_config.o
 .debug_info    0x00008f10      0x55a ./board/pin_mux.o
 .debug_info    0x0000946a      0x401 ./CMSIS/system_MKL25Z4.o

.debug_abbrev   0x00000000     0x1a93
 .debug_abbrev  0x00000000      0x1ee ./utilities/fsl_debug_console.o
 .debug_abbrev  0x000001ee      0x16a ./startup/startup_mkl25z4.o
 .debug_abbrev  0x00000358      0x323 ./source/main_P02.o
 .debug_abbrev  0x0000067b       0x3e ./source/mtb.o
 .debug_abbrev  0x000006b9       0x2c ./source/semihost_hardfault.o
 .debug_abbrev  0x000006e5      0x267 ./drivers/fsl_adc16.o
 .debug_abbrev  0x0000094c      0x322 ./drivers/fsl_clock.o
 .debug_abbrev  0x00000c6e      0x2c6 ./drivers/fsl_lpsci.o
 .debug_abbrev  0x00000f34      0x249 ./drivers/fsl_tpm.o
 .debug_abbrev  0x0000117d      0x2de ./drivers/fsl_uart.o
 .debug_abbrev  0x0000145b      0x180 ./board/board.o
 .debug_abbrev  0x000015db      0x1ed ./board/clock_config.o
 .debug_abbrev  0x000017c8      0x192 ./board/pin_mux.o
 .debug_abbrev  0x0000195a      0x139 ./CMSIS/system_MKL25Z4.o

.debug_aranges  0x00000000      0x8d8
 .debug_aranges
                0x00000000       0x48 ./utilities/fsl_debug_console.o
 .debug_aranges
                0x00000048      0x160 ./startup/startup_mkl25z4.o
 .debug_aranges
                0x000001a8       0xf8 ./source/main_P02.o
 .debug_aranges
                0x000002a0       0x18 ./source/mtb.o
 .debug_aranges
                0x000002b8       0x20 ./source/semihost_hardfault.o
 .debug_aranges
                0x000002d8       0x88 ./drivers/fsl_adc16.o
 .debug_aranges
                0x00000360      0x1d8 ./drivers/fsl_clock.o
 .debug_aranges
                0x00000538      0x118 ./drivers/fsl_lpsci.o
 .debug_aranges
                0x00000650       0x88 ./drivers/fsl_tpm.o
 .debug_aranges
                0x000006d8      0x130 ./drivers/fsl_uart.o
 .debug_aranges
                0x00000808       0x28 ./board/board.o
 .debug_aranges
                0x00000830       0x50 ./board/clock_config.o
 .debug_aranges
                0x00000880       0x30 ./board/pin_mux.o
 .debug_aranges
                0x000008b0       0x28 ./CMSIS/system_MKL25Z4.o

.debug_ranges   0x00000000      0x7f0
 .debug_ranges  0x00000000       0x38 ./utilities/fsl_debug_console.o
 .debug_ranges  0x00000038      0x150 ./startup/startup_mkl25z4.o
 .debug_ranges  0x00000188       0xe8 ./source/main_P02.o
 .debug_ranges  0x00000270       0x10 ./source/semihost_hardfault.o
 .debug_ranges  0x00000280       0x78 ./drivers/fsl_adc16.o
 .debug_ranges  0x000002f8      0x1c8 ./drivers/fsl_clock.o
 .debug_ranges  0x000004c0      0x108 ./drivers/fsl_lpsci.o
 .debug_ranges  0x000005c8       0x78 ./drivers/fsl_tpm.o
 .debug_ranges  0x00000640      0x120 ./drivers/fsl_uart.o
 .debug_ranges  0x00000760       0x18 ./board/board.o
 .debug_ranges  0x00000778       0x40 ./board/clock_config.o
 .debug_ranges  0x000007b8       0x20 ./board/pin_mux.o
 .debug_ranges  0x000007d8       0x18 ./CMSIS/system_MKL25Z4.o

.debug_line     0x00000000     0x2d8a
 .debug_line    0x00000000      0x257 ./utilities/fsl_debug_console.o
 .debug_line    0x00000257      0x128 ./startup/startup_mkl25z4.o
 .debug_line    0x0000037f      0x510 ./source/main_P02.o
 .debug_line    0x0000088f       0x30 ./source/mtb.o
 .debug_line    0x000008bf       0x54 ./source/semihost_hardfault.o
 .debug_line    0x00000913      0x310 ./drivers/fsl_adc16.o
 .debug_line    0x00000c23      0x8e7 ./drivers/fsl_clock.o
 .debug_line    0x0000150a      0x69d ./drivers/fsl_lpsci.o
 .debug_line    0x00001ba7      0x45d ./drivers/fsl_tpm.o
 .debug_line    0x00002004      0x6a0 ./drivers/fsl_uart.o
 .debug_line    0x000026a4      0x1a2 ./board/board.o
 .debug_line    0x00002846      0x231 ./board/clock_config.o
 .debug_line    0x00002a77      0x1c2 ./board/pin_mux.o
 .debug_line    0x00002c39      0x151 ./CMSIS/system_MKL25Z4.o

.debug_str      0x00000000     0x4e29
 .debug_str     0x00000000      0xad5 ./utilities/fsl_debug_console.o
                                0xb4b (size before relaxing)
 .debug_str     0x00000ad5      0x3c7 ./startup/startup_mkl25z4.o
                                0x4aa (size before relaxing)
 .debug_str     0x00000e9c     0x159d ./source/main_P02.o
                               0x1d2e (size before relaxing)
 .debug_str     0x00002439       0x1f ./source/mtb.o
                                0x127 (size before relaxing)
 .debug_str     0x00002458       0x1f ./source/semihost_hardfault.o
                                0x12b (size before relaxing)
 .debug_str     0x00002477      0x5a9 ./drivers/fsl_adc16.o
                               0x1233 (size before relaxing)
 .debug_str     0x00002a20      0xa5b ./drivers/fsl_clock.o
                               0x17d5 (size before relaxing)
 .debug_str     0x0000347b      0x962 ./drivers/fsl_lpsci.o
                               0x159d (size before relaxing)
 .debug_str     0x00003ddd      0x429 ./drivers/fsl_tpm.o
                               0x116c (size before relaxing)
 .debug_str     0x00004206      0x819 ./drivers/fsl_uart.o
                               0x15a9 (size before relaxing)
 .debug_str     0x00004a1f       0x4c ./board/board.o
                                0x728 (size before relaxing)
 .debug_str     0x00004a6b      0x222 ./board/clock_config.o
                                0xda7 (size before relaxing)
 .debug_str     0x00004c8d      0x155 ./board/pin_mux.o
                                0x5b2 (size before relaxing)
 .debug_str     0x00004de2       0x47 ./CMSIS/system_MKL25Z4.o
                                0x316 (size before relaxing)

.comment        0x00000000       0x7f
 .comment       0x00000000       0x7f ./utilities/fsl_debug_console.o
                                 0x80 (size before relaxing)
 .comment       0x0000007f       0x80 ./startup/startup_mkl25z4.o
 .comment       0x0000007f       0x80 ./source/main_P02.o
 .comment       0x0000007f       0x80 ./source/mtb.o
 .comment       0x0000007f       0x80 ./source/semihost_hardfault.o
 .comment       0x0000007f       0x80 ./drivers/fsl_adc16.o
 .comment       0x0000007f       0x80 ./drivers/fsl_clock.o
 .comment       0x0000007f       0x80 ./drivers/fsl_lpsci.o
 .comment       0x0000007f       0x80 ./drivers/fsl_tpm.o
 .comment       0x0000007f       0x80 ./drivers/fsl_uart.o
 .comment       0x0000007f       0x80 ./board/board.o
 .comment       0x0000007f       0x80 ./board/clock_config.o
 .comment       0x0000007f       0x80 ./board/pin_mux.o
 .comment       0x0000007f       0x80 ./CMSIS/system_MKL25Z4.o
 .comment       0x0000007f       0x80 c:/nxp/mcuxpressoide_10.1.1_606/ide/tools/bin/../lib/gcc/arm-none-eabi/6.3.1/../../../../arm-none-eabi/lib/thumb/v6-m\libcr_semihost_nf.a(_cr__main.o)
 .comment       0x0000007f       0x80 c:/nxp/mcuxpressoide_10.1.1_606/ide/tools/bin/../lib/gcc/arm-none-eabi/6.3.1/../../../../arm-none-eabi/lib/thumb/v6-m\libcr_semihost_nf.a(_cr_assert.o)
 .comment       0x0000007f       0x80 c:/nxp/mcuxpressoide_10.1.1_606/ide/tools/bin/../lib/gcc/arm-none-eabi/6.3.1/../../../../arm-none-eabi/lib/thumb/v6-m\libcr_semihost_nf.a(__ciob.o)
 .comment       0x0000007f       0x80 c:/nxp/mcuxpressoide_10.1.1_606/ide/tools/bin/../lib/gcc/arm-none-eabi/6.3.1/../../../../arm-none-eabi/lib/thumb/v6-m\libcr_c.a(memset.o)
 .comment       0x0000007f       0x80 c:/nxp/mcuxpressoide_10.1.1_606/ide/tools/bin/../lib/gcc/arm-none-eabi/6.3.1/../../../../arm-none-eabi/lib/thumb/v6-m\libcr_c.a(_deferredlazyseek.o)
 .comment       0x0000007f       0x80 c:/nxp/mcuxpressoide_10.1.1_606/ide/tools/bin/../lib/gcc/arm-none-eabi/6.3.1/../../../../arm-none-eabi/lib/thumb/v6-m\libcr_c.a(_fflush.o)
 .comment       0x0000007f       0x80 c:/nxp/mcuxpressoide_10.1.1_606/ide/tools/bin/../lib/gcc/arm-none-eabi/6.3.1/../../../../arm-none-eabi/lib/thumb/v6-m\libcr_c.a(_writebuf.o)
 .comment       0x0000007f       0x80 c:/nxp/mcuxpressoide_10.1.1_606/ide/tools/bin/../lib/gcc/arm-none-eabi/6.3.1/../../../../arm-none-eabi/lib/thumb/v6-m\libcr_c.a(alloc.o)
 .comment       0x0000007f       0x80 c:/nxp/mcuxpressoide_10.1.1_606/ide/tools/bin/../lib/gcc/arm-none-eabi/6.3.1/../../../../arm-none-eabi/lib/thumb/v6-m\libcr_c.a(fputs.o)
 .comment       0x0000007f       0x80 c:/nxp/mcuxpressoide_10.1.1_606/ide/tools/bin/../lib/gcc/arm-none-eabi/6.3.1/../../../../arm-none-eabi/lib/thumb/v6-m\libcr_c.a(fseek.o)
 .comment       0x0000007f       0x80 c:/nxp/mcuxpressoide_10.1.1_606/ide/tools/bin/../lib/gcc/arm-none-eabi/6.3.1/../../../../arm-none-eabi/lib/thumb/v6-m\libcr_c.a(ftell.o)
 .comment       0x0000007f       0x80 c:/nxp/mcuxpressoide_10.1.1_606/ide/tools/bin/../lib/gcc/arm-none-eabi/6.3.1/../../../../arm-none-eabi/lib/thumb/v6-m\libcr_c.a(initio.o)
 .comment       0x0000007f       0x80 c:/nxp/mcuxpressoide_10.1.1_606/ide/tools/bin/../lib/gcc/arm-none-eabi/6.3.1/../../../../arm-none-eabi/lib/thumb/v6-m\libcr_c.a(setvbuf.o)
 .comment       0x0000007f       0x80 c:/nxp/mcuxpressoide_10.1.1_606/ide/tools/bin/../lib/gcc/arm-none-eabi/6.3.1/../../../../arm-none-eabi/lib/thumb/v6-m\libcr_c.a(__init_alloc.o)
 .comment       0x0000007f       0x80 c:/nxp/mcuxpressoide_10.1.1_606/ide/tools/bin/../lib/gcc/arm-none-eabi/6.3.1/../../../../arm-none-eabi/lib/thumb/v6-m\libcr_c.a(_cr_sbrk.o)
 .comment       0x0000007f       0x80 c:/nxp/mcuxpressoide_10.1.1_606/ide/tools/bin/../lib/gcc/arm-none-eabi/6.3.1/../../../../arm-none-eabi/lib/thumb/v6-m\libcr_c.a(_fdopen.o)
 .comment       0x0000007f       0x80 c:/nxp/mcuxpressoide_10.1.1_606/ide/tools/bin/../lib/gcc/arm-none-eabi/6.3.1/../../../../arm-none-eabi/lib/thumb/v6-m\libcr_c.a(errno.o)
 .comment       0x0000007f       0x80 c:/nxp/mcuxpressoide_10.1.1_606/ide/tools/bin/../lib/gcc/arm-none-eabi/6.3.1/../../../../arm-none-eabi/lib/thumb/v6-m\libcr_c.a(fclose.o)
 .comment       0x0000007f       0x80 c:/nxp/mcuxpressoide_10.1.1_606/ide/tools/bin/../lib/gcc/arm-none-eabi/6.3.1/../../../../arm-none-eabi/lib/thumb/v6-m\libcr_c.a(fflush.o)
 .comment       0x0000007f       0x80 c:/nxp/mcuxpressoide_10.1.1_606/ide/tools/bin/../lib/gcc/arm-none-eabi/6.3.1/../../../../arm-none-eabi/lib/thumb/v6-m\libcr_c.a(remove.o)
 .comment       0x0000007f       0x80 c:/nxp/mcuxpressoide_10.1.1_606/ide/tools/bin/../lib/gcc/arm-none-eabi/6.3.1/../../../../arm-none-eabi/lib/thumb/v6-m\libcr_c.a(strlen.o)
 .comment       0x0000007f       0x80 c:/nxp/mcuxpressoide_10.1.1_606/ide/tools/bin/../lib/gcc/arm-none-eabi/6.3.1/../../../../arm-none-eabi/lib/thumb/v6-m\libcr_c.a(_cr_check_heap.o)
 .comment       0x0000007f       0x80 c:/nxp/mcuxpressoide_10.1.1_606/ide/tools/bin/../lib/gcc/arm-none-eabi/6.3.1/../../../../arm-none-eabi/lib/thumb/v6-m\libcr_c.a(_do_fflush.o)
 .comment       0x0000007f       0x80 c:/nxp/mcuxpressoide_10.1.1_606/ide/tools/bin/../lib/gcc/arm-none-eabi/6.3.1/thumb/v6-m\libcr_eabihelpers.a(float.o)

.ARM.attributes
                0x00000000       0x30
 .ARM.attributes
                0x00000000       0x32 ./utilities/fsl_debug_console.o
 .ARM.attributes
                0x00000032       0x32 ./startup/startup_mkl25z4.o
 .ARM.attributes
                0x00000064       0x32 ./source/main_P02.o
 .ARM.attributes
                0x00000096       0x32 ./source/mtb.o
 .ARM.attributes
                0x000000c8       0x32 ./source/semihost_hardfault.o
 .ARM.attributes
                0x000000fa       0x32 ./drivers/fsl_adc16.o
 .ARM.attributes
                0x0000012c       0x32 ./drivers/fsl_clock.o
 .ARM.attributes
                0x0000015e       0x32 ./drivers/fsl_lpsci.o
 .ARM.attributes
                0x00000190       0x32 ./drivers/fsl_tpm.o
 .ARM.attributes
                0x000001c2       0x32 ./drivers/fsl_uart.o
 .ARM.attributes
                0x000001f4       0x32 ./board/board.o
 .ARM.attributes
                0x00000226       0x32 ./board/clock_config.o
 .ARM.attributes
                0x00000258       0x32 ./board/pin_mux.o
 .ARM.attributes
                0x0000028a       0x32 ./CMSIS/system_MKL25Z4.o
 .ARM.attributes
                0x000002bc       0x31 c:/nxp/mcuxpressoide_10.1.1_606/ide/tools/bin/../lib/gcc/arm-none-eabi/6.3.1/../../../../arm-none-eabi/lib/thumb/v6-m\libcr_semihost_nf.a(_cr__main.o)
 .ARM.attributes
                0x000002ed       0x31 c:/nxp/mcuxpressoide_10.1.1_606/ide/tools/bin/../lib/gcc/arm-none-eabi/6.3.1/../../../../arm-none-eabi/lib/thumb/v6-m\libcr_semihost_nf.a(_cr_assert.o)
 .ARM.attributes
                0x0000031e       0x31 c:/nxp/mcuxpressoide_10.1.1_606/ide/tools/bin/../lib/gcc/arm-none-eabi/6.3.1/../../../../arm-none-eabi/lib/thumb/v6-m\libcr_semihost_nf.a(__ciob.o)
 .ARM.attributes
                0x0000034f       0x21 c:/nxp/mcuxpressoide_10.1.1_606/ide/tools/bin/../lib/gcc/arm-none-eabi/6.3.1/../../../../arm-none-eabi/lib/thumb/v6-m\libcr_semihost_nf.a(__sys_appexit.o)
 .ARM.attributes
                0x00000370       0x31 c:/nxp/mcuxpressoide_10.1.1_606/ide/tools/bin/../lib/gcc/arm-none-eabi/6.3.1/../../../../arm-none-eabi/lib/thumb/v6-m\libcr_c.a(memset.o)
 .ARM.attributes
                0x000003a1       0x31 c:/nxp/mcuxpressoide_10.1.1_606/ide/tools/bin/../lib/gcc/arm-none-eabi/6.3.1/../../../../arm-none-eabi/lib/thumb/v6-m\libcr_c.a(_deferredlazyseek.o)
 .ARM.attributes
                0x000003d2       0x31 c:/nxp/mcuxpressoide_10.1.1_606/ide/tools/bin/../lib/gcc/arm-none-eabi/6.3.1/../../../../arm-none-eabi/lib/thumb/v6-m\libcr_c.a(_fflush.o)
 .ARM.attributes
                0x00000403       0x31 c:/nxp/mcuxpressoide_10.1.1_606/ide/tools/bin/../lib/gcc/arm-none-eabi/6.3.1/../../../../arm-none-eabi/lib/thumb/v6-m\libcr_c.a(_writebuf.o)
 .ARM.attributes
                0x00000434       0x31 c:/nxp/mcuxpressoide_10.1.1_606/ide/tools/bin/../lib/gcc/arm-none-eabi/6.3.1/../../../../arm-none-eabi/lib/thumb/v6-m\libcr_c.a(alloc.o)
 .ARM.attributes
                0x00000465       0x31 c:/nxp/mcuxpressoide_10.1.1_606/ide/tools/bin/../lib/gcc/arm-none-eabi/6.3.1/../../../../arm-none-eabi/lib/thumb/v6-m\libcr_c.a(fputs.o)
 .ARM.attributes
                0x00000496       0x31 c:/nxp/mcuxpressoide_10.1.1_606/ide/tools/bin/../lib/gcc/arm-none-eabi/6.3.1/../../../../arm-none-eabi/lib/thumb/v6-m\libcr_c.a(fseek.o)
 .ARM.attributes
                0x000004c7       0x31 c:/nxp/mcuxpressoide_10.1.1_606/ide/tools/bin/../lib/gcc/arm-none-eabi/6.3.1/../../../../arm-none-eabi/lib/thumb/v6-m\libcr_c.a(ftell.o)
 .ARM.attributes
                0x000004f8       0x31 c:/nxp/mcuxpressoide_10.1.1_606/ide/tools/bin/../lib/gcc/arm-none-eabi/6.3.1/../../../../arm-none-eabi/lib/thumb/v6-m\libcr_c.a(initio.o)
 .ARM.attributes
                0x00000529       0x31 c:/nxp/mcuxpressoide_10.1.1_606/ide/tools/bin/../lib/gcc/arm-none-eabi/6.3.1/../../../../arm-none-eabi/lib/thumb/v6-m\libcr_c.a(setvbuf.o)
 .ARM.attributes
                0x0000055a       0x31 c:/nxp/mcuxpressoide_10.1.1_606/ide/tools/bin/../lib/gcc/arm-none-eabi/6.3.1/../../../../arm-none-eabi/lib/thumb/v6-m\libcr_c.a(__init_alloc.o)
 .ARM.attributes
                0x0000058b       0x31 c:/nxp/mcuxpressoide_10.1.1_606/ide/tools/bin/../lib/gcc/arm-none-eabi/6.3.1/../../../../arm-none-eabi/lib/thumb/v6-m\libcr_c.a(_cr_sbrk.o)
 .ARM.attributes
                0x000005bc       0x31 c:/nxp/mcuxpressoide_10.1.1_606/ide/tools/bin/../lib/gcc/arm-none-eabi/6.3.1/../../../../arm-none-eabi/lib/thumb/v6-m\libcr_c.a(_fdopen.o)
 .ARM.attributes
                0x000005ed       0x31 c:/nxp/mcuxpressoide_10.1.1_606/ide/tools/bin/../lib/gcc/arm-none-eabi/6.3.1/../../../../arm-none-eabi/lib/thumb/v6-m\libcr_c.a(errno.o)
 .ARM.attributes
                0x0000061e       0x31 c:/nxp/mcuxpressoide_10.1.1_606/ide/tools/bin/../lib/gcc/arm-none-eabi/6.3.1/../../../../arm-none-eabi/lib/thumb/v6-m\libcr_c.a(fclose.o)
 .ARM.attributes
                0x0000064f       0x31 c:/nxp/mcuxpressoide_10.1.1_606/ide/tools/bin/../lib/gcc/arm-none-eabi/6.3.1/../../../../arm-none-eabi/lib/thumb/v6-m\libcr_c.a(fflush.o)
 .ARM.attributes
                0x00000680       0x31 c:/nxp/mcuxpressoide_10.1.1_606/ide/tools/bin/../lib/gcc/arm-none-eabi/6.3.1/../../../../arm-none-eabi/lib/thumb/v6-m\libcr_c.a(remove.o)
 .ARM.attributes
                0x000006b1       0x31 c:/nxp/mcuxpressoide_10.1.1_606/ide/tools/bin/../lib/gcc/arm-none-eabi/6.3.1/../../../../arm-none-eabi/lib/thumb/v6-m\libcr_c.a(strlen.o)
 .ARM.attributes
                0x000006e2       0x31 c:/nxp/mcuxpressoide_10.1.1_606/ide/tools/bin/../lib/gcc/arm-none-eabi/6.3.1/../../../../arm-none-eabi/lib/thumb/v6-m\libcr_c.a(_cr_check_heap.o)
 .ARM.attributes
                0x00000713       0x31 c:/nxp/mcuxpressoide_10.1.1_606/ide/tools/bin/../lib/gcc/arm-none-eabi/6.3.1/../../../../arm-none-eabi/lib/thumb/v6-m\libcr_c.a(_do_fflush.o)
 .ARM.attributes
                0x00000744       0x21 c:/nxp/mcuxpressoide_10.1.1_606/ide/tools/bin/../lib/gcc/arm-none-eabi/6.3.1/thumb/v6-m\libcr_eabihelpers.a(division_32.o)
 .ARM.attributes
                0x00000765       0x21 c:/nxp/mcuxpressoide_10.1.1_606/ide/tools/bin/../lib/gcc/arm-none-eabi/6.3.1/thumb/v6-m\libcr_eabihelpers.a(division_64.o)
 .ARM.attributes
                0x00000786       0x21 c:/nxp/mcuxpressoide_10.1.1_606/ide/tools/bin/../lib/gcc/arm-none-eabi/6.3.1/thumb/v6-m\libcr_eabihelpers.a(division_idiv0.o)
 .ARM.attributes
                0x000007a7       0x31 c:/nxp/mcuxpressoide_10.1.1_606/ide/tools/bin/../lib/gcc/arm-none-eabi/6.3.1/thumb/v6-m\libcr_eabihelpers.a(float.o)
 .ARM.attributes
                0x000007d8       0x21 c:/nxp/mcuxpressoide_10.1.1_606/ide/tools/bin/../lib/gcc/arm-none-eabi/6.3.1/thumb/v6-m\libcr_eabihelpers.a(llong.o)
 .ARM.attributes
                0x000007f9       0x21 c:/nxp/mcuxpressoide_10.1.1_606/ide/tools/bin/../lib/gcc/arm-none-eabi/6.3.1/thumb/v6-m\libcr_eabihelpers.a(memcpy.o)
 .ARM.attributes
                0x0000081a       0x21 c:/nxp/mcuxpressoide_10.1.1_606/ide/tools/bin/../lib/gcc/arm-none-eabi/6.3.1/../../../../arm-none-eabi/lib/thumb/v6-m\libcr_semihost_nf.a(__sys_close.o)
 .ARM.attributes
                0x0000083b       0x21 c:/nxp/mcuxpressoide_10.1.1_606/ide/tools/bin/../lib/gcc/arm-none-eabi/6.3.1/../../../../arm-none-eabi/lib/thumb/v6-m\libcr_semihost_nf.a(__sys_flen.o)
 .ARM.attributes
                0x0000085c       0x21 c:/nxp/mcuxpressoide_10.1.1_606/ide/tools/bin/../lib/gcc/arm-none-eabi/6.3.1/../../../../arm-none-eabi/lib/thumb/v6-m\libcr_semihost_nf.a(__sys_istty.o)
 .ARM.attributes
                0x0000087d       0x21 c:/nxp/mcuxpressoide_10.1.1_606/ide/tools/bin/../lib/gcc/arm-none-eabi/6.3.1/../../../../arm-none-eabi/lib/thumb/v6-m\libcr_semihost_nf.a(__sys_remove.o)
 .ARM.attributes
                0x0000089e       0x21 c:/nxp/mcuxpressoide_10.1.1_606/ide/tools/bin/../lib/gcc/arm-none-eabi/6.3.1/../../../../arm-none-eabi/lib/thumb/v6-m\libcr_semihost_nf.a(__sys_seek.o)
 .ARM.attributes
                0x000008bf       0x21 c:/nxp/mcuxpressoide_10.1.1_606/ide/tools/bin/../lib/gcc/arm-none-eabi/6.3.1/../../../../arm-none-eabi/lib/thumb/v6-m\libcr_semihost_nf.a(__sys_tmpnam.o)
 .ARM.attributes
                0x000008e0       0x21 c:/nxp/mcuxpressoide_10.1.1_606/ide/tools/bin/../lib/gcc/arm-none-eabi/6.3.1/../../../../arm-none-eabi/lib/thumb/v6-m\libcr_semihost_nf.a(__sys_write.o)

.debug_frame    0x00000000     0x1cdc
 .debug_frame   0x00000000       0xcc ./utilities/fsl_debug_console.o
 .debug_frame   0x000000cc      0x3b0 ./startup/startup_mkl25z4.o
 .debug_frame   0x0000047c      0x364 ./source/main_P02.o
 .debug_frame   0x000007e0       0x20 ./source/semihost_hardfault.o
 .debug_frame   0x00000800      0x1d0 ./drivers/fsl_adc16.o
 .debug_frame   0x000009d0      0x6dc ./drivers/fsl_clock.o
 .debug_frame   0x000010ac      0x410 ./drivers/fsl_lpsci.o
 .debug_frame   0x000014bc      0x1d0 ./drivers/fsl_tpm.o
 .debug_frame   0x0000168c      0x464 ./drivers/fsl_uart.o
 .debug_frame   0x00001af0       0x50 ./board/board.o
 .debug_frame   0x00001b40       0xe4 ./board/clock_config.o
 .debug_frame   0x00001c24       0x6c ./board/pin_mux.o
 .debug_frame   0x00001c90       0x4c ./CMSIS/system_MKL25Z4.o
